/usr/lib/python3/dist-packages/scipy/__init__.py:146: UserWarning: A NumPy version >=1.17.3 and <1.25.0 is required for this version of SciPy (detected version 1.26.4
  warnings.warn(f"A NumPy version >={np_minversion} and <{np_maxversion}"
壳参数覆写：[('A1', 0.35, 15.0, 22.5), ('A2', 0.45, 30.0, 0.0), ('A3', 0.58, 50.0, 0.0)]
IK 感知滚转选取已启用；种子 = explicit --ik-seed-q
种子 q(rad): [0.2452, -1.6744, -1.977, -4.2802, 4.7511, -2.6931]
引导基准（仅导航，非测量）：参考样本 20260918-112826-092467 + config/handeye_eye_in_hand_20260917.yaml
棋盘格原点估计（base）: [0.5227, -0.1143, -0.0107] m

slot shell   dist   tilt  azimuth   roll  target TCP x y z rx ry rz (deg)        cam_z     tcp_z  risk
1    A1      0.35   15.0     22.5  190.0   0.3175 -0.0092  0.2553   115.3    60.0    25.9    0.3282    0.2553      
2    A1      0.35   15.0     67.5  190.0   0.4509  0.1034  0.2565   127.7    11.0     1.9    0.3278    0.2565      
3    A1      0.35   15.0    112.5  190.0   0.6249  0.0887  0.2582   124.2   -39.3   -22.3    0.3271    0.2582      
4    A1      0.35   15.0    157.5  190.0   0.7374 -0.0447  0.2595   104.5   -87.6   -45.1    0.3266    0.2595      
5    A1      0.35   15.0    202.5  190.0   0.7227 -0.2187  0.2596    68.0  -129.9   -64.6    0.3266    0.2596      
6    A1      0.35   15.0    247.5  190.0   0.5893 -0.3313  0.2584    14.6  -160.9   -78.1    0.3270    0.2584      
7    A1      0.35   15.0    292.5  190.0   0.4153 -0.3166  0.2567    43.7   140.2    66.5    0.3277    0.2567      
8    A1      0.35   15.0    337.5  190.0   0.3027 -0.1831  0.2554    87.3   104.4    48.1    0.3282    0.2554      
9    A2      0.45   30.0      0.0  190.0   0.4181 -0.1056  0.3930   112.5    92.6    25.5    0.3812    0.3930      
10   A2      0.45   30.0     45.0  190.0   0.4533 -0.0368  0.3932   136.7    41.5     7.6    0.3807    0.3932      
11   A2      0.45   30.0     90.0  190.0   0.5269 -0.0131  0.3939   142.9   -14.1   -11.1    0.3792    0.3939      
12   A2      0.45   30.0    135.0  190.0   0.5956 -0.0483  0.3946   130.4   -69.6   -28.9    0.3776    0.3946      
13   A2      0.45   30.0    180.0  190.0   0.6194 -0.1219  0.3949    98.9  -120.0   -44.2    0.3768    0.3949      
14   A2      0.45   30.0    225.0  190.0   0.5842 -0.1906  0.3947    48.8  -159.1   -54.9    0.3774    0.3947      
15   A2      0.45   30.0    270.0  190.0   0.5106 -0.2144  0.3940    15.4   161.4    52.7    0.3789    0.3940      
16   A2      0.45   30.0    315.0  190.0   0.4419 -0.1791  0.3933    71.3   134.3    41.2    0.3805    0.3933      
17   A3      0.58   50.0      0.0  190.0   0.6603 -0.1268  0.4890   123.4   104.5     7.6    0.3665    0.4890      
18   A3      0.58   50.0     45.0  190.0   0.6092 -0.2237  0.4887   153.8    49.2    -2.4    0.3654    0.4887      
19   A3      0.58   50.0     90.0  190.0   0.5046 -0.2561  0.4877   163.0   -13.5   -12.2    0.3624    0.4877      
20   A3      0.58   50.0    135.0  190.0   0.4077 -0.2050  0.4867   149.0   -76.7   -20.5    0.3592    0.4867      
21   A3      0.58   50.0    180.0  190.0   0.3753 -0.1004  0.4862   112.2  -132.3   -26.4    0.3578    0.4862      
22   A3      0.58   50.0    225.0  190.0   0.4264 -0.0035  0.4866   -53.6   166.7    27.7    0.3589    0.4866      
23   A3      0.58   50.0    270.0  190.0   0.5311  0.0289  0.4876    13.7   168.2    23.7    0.3619    0.4876      
24   A3      0.58   50.0    315.0  190.0   0.6280 -0.0222  0.4886    75.0   146.0    16.7    0.3650    0.4886      
25   A1      0.35   15.0     22.5  190.0   0.3175 -0.0092  0.2553   115.3    60.0    25.9    0.3282    0.2553      
26   A2      0.45   30.0    180.0  190.0   0.6194 -0.1219  0.3949    98.9  -120.0   -44.2    0.3768    0.3949      
实际使用的滚转集合（自由度用于抬高法兰）：[190.0]
OUTPUT: /home/jx/UR10/outputs/handeye/pose-plan-20260918.json
