/usr/lib/python3/dist-packages/scipy/__init__.py:146: UserWarning: A NumPy version >=1.17.3 and <1.25.0 is required for this version of SciPy (detected version 1.26.4
  warnings.warn(f"A NumPy version >={np_minversion} and <{np_maxversion}"
当前 TCP: [0.5304, -0.1147, 0.5499] | 姿态(rx,ry,rz rad): [-1.2688, 2.8112, 0.5076]
FK 一致度: 0.002462 m / 0.004510 rad (门禁 0.010 m / 0.020 rad) -> PASS
访问顺序（关节空间最近邻）: [9, 17, 18, 19, 10, 1, 25, 20, 21, 22, 13, 2, 3, 4, 5, 6, 7, 8, 14, 12, 11, 26, 16, 15, 24, 23]
当前位姿最小奇异值 0.3024（作为奇异度基线）

slot 段          段序              IKpos_mm  rot_mrad      关节余量      最小奇异      法兰z 结论
9    lift       reorient_first    0.0000    0.0000    1.5245    0.3021   0.5499 PASS
9    reorient   reorient_first    0.0000    0.0000    1.4686    0.1543   0.5500 PASS
9    translate  reorient_first    0.0000    0.0000    1.0684    0.1543   0.5500 PASS
9    descend    reorient_first    0.0000    0.0000    1.0684    0.2639   0.2504 PASS
9    SUMMARY    reorient_first         -         -         -         -        - PASS
17   lift       reorient_first    0.0000    0.0000    1.0684    0.2639   0.2504 PASS
17   reorient   reorient_first    0.0000    0.0000    0.9060    0.2639   0.5500 PASS
17   translate  reorient_first    0.0000    0.0000    0.7300    0.1730   0.5500 PASS
17   descend    reorient_first    0.0000    0.0000    0.7300    0.1730   0.2686 PASS
17   SUMMARY    reorient_first         -         -         -         -        - PASS
18   lift       reorient_first    0.0000    0.0000    0.7300    0.1730   0.2686 PASS
18   reorient   reorient_first    0.0000    0.0000    0.7300    0.1447   0.5500 PASS
18   translate  reorient_first    0.0000    0.0000    1.0597    0.1447   0.5500 PASS
18   descend    reorient_first    0.0000    0.0000    1.0597    0.2177   0.2673 PASS
18   SUMMARY    reorient_first         -         -         -         -        - PASS
19   lift       reorient_first    0.0000    0.0000    1.0597    0.2177   0.2673 PASS
19   reorient   reorient_first    0.0000    0.0000    1.0597    0.1638   0.5500 PASS
19   translate  reorient_first    0.0000    0.0000    1.5630    0.1638   0.5500 PASS
19   descend    reorient_first    0.0000    0.0000    1.5630    0.1672   0.2657 PASS
19   SUMMARY    reorient_first         -         -         -         -        - PASS
10   lift       reorient_first    0.0000    0.0000    1.5630    0.1672   0.2657 PASS
10   reorient   reorient_first    0.0000    0.0000    1.3503    0.1708   0.5500 PASS
10   translate  reorient_first    0.0000    0.0000    1.3503    0.1946   0.5500 PASS
10   descend    reorient_first    0.0000    0.0000    1.4628    0.1903   0.2616 PASS
10   SUMMARY    reorient_first         -         -         -         -        - PASS
1    lift       reorient_first    0.0000    0.0000    1.4628    0.1903   0.2616 PASS
1    reorient   reorient_first    0.0000    0.0000    1.6103    0.1946   0.5500 PASS
1    translate  reorient_first    0.0000    0.0000    1.1778    0.1723   0.5500 PASS
1    descend    reorient_first    0.0000    0.0000    0.7356    0.1689   0.2508 PASS
1    SUMMARY    reorient_first         -         -         -         -        - PASS
25   lift       reorient_first    0.0000    0.0000    0.7356    0.1689   0.2508 PASS
25   reorient   reorient_first    0.0000    0.0000    1.1778    0.1723   0.5500 PASS
25   translate  reorient_first    0.0000    0.0000    1.1778    0.1723   0.5500 PASS
25   descend    reorient_first    0.0000    0.0000    0.7356    0.1689   0.2508 PASS
25   SUMMARY    reorient_first         -         -         -         -        - PASS
20   lift       reorient_first    0.0000    0.0000    0.7356    0.1689   0.2508 PASS
20   reorient   reorient_first    0.0000    0.0000    1.1778    0.1723   0.5500 PASS
20   translate  reorient_first    0.0000    0.0000    1.2027    0.1797   0.5500 PASS
20   descend    reorient_first    0.0000    0.0000    1.2649    0.2758   0.4069 PASS
20   SUMMARY    reorient_first         -         -         -         -        - PASS
21   lift       reorient_first    0.0000    0.0000    1.2649    0.2758   0.4069 PASS
21   reorient   reorient_first    0.0000    0.0000    1.4398    0.2758   0.5500 PASS
21   translate  reorient_first    0.0000    0.0000    1.2627    0.2127   0.5500 PASS
21   descend    reorient_first    0.0000    0.0000    1.0175    0.2112   0.3903 PASS
21   SUMMARY    reorient_first         -         -         -         -        - PASS
22   lift       reorient_first    0.0000    0.0000    1.0175    0.2112   0.3903 PASS
22   reorient   reorient_first    0.0000    0.0000    1.2400    0.2031   0.5500 PASS
22   translate  reorient_first    0.0000    0.0000    1.0764    0.0911   0.5500 PASS
22   descend    reorient_first    0.0000    0.0000    0.7746    0.0899   0.3731 PASS
22   SUMMARY    reorient_first         -         -         -         -        - PASS
13   lift       reorient_first    0.0000    0.0000    0.7746    0.0899   0.3731 PASS
13   reorient   reorient_first    0.0000    0.0000    1.0727    0.0904   0.5500 PASS
13   translate  reorient_first    0.0000    0.0000    1.0658    0.0881   0.5500 PASS
13   descend    reorient_first    0.0000    0.0000    0.6417    0.0874   0.2957 PASS
13   SUMMARY    reorient_first         -         -         -         -        - PASS
2    lift       reorient_first    0.0000    0.0000    0.6417    0.0874   0.2957 PASS
2    reorient   reorient_first    0.0000    0.0000    0.6328    0.0648   0.5500 PASS
2    translate  reorient_first    0.0000    0.0000    0.6272    0.0648   0.5500 PASS
2    descend    reorient_first    0.0000    0.0000    0.7029    0.1523   0.2513 PASS
2    SUMMARY    reorient_first         -         -         -         -        - PASS
3    lift       reorient_first    0.0000    0.0000    0.7029    0.1523   0.2513 PASS
3    reorient   reorient_first    0.0000    0.0000    0.7029    0.1523   0.5500 PASS
3    translate  reorient_first    0.0000    0.0000    0.8561    0.2031   0.5500 PASS
3    descend    reorient_first    0.0000    0.0000    0.8561    0.2468   0.2521 PASS
3    SUMMARY    reorient_first         -         -         -         -        - PASS
4    lift       reorient_first    0.0000    0.0000    0.8561    0.2468   0.2521 PASS
4    reorient   reorient_first    0.0000    0.0000    0.8561    0.2468   0.5500 PASS
4    translate  reorient_first    0.0000    0.0000    1.0728    0.3048   0.5500 PASS
4    descend    reorient_first    0.0000    0.0000    1.0728    0.3341   0.2507 PASS
4    SUMMARY    reorient_first         -         -         -         -        - PASS
5    lift       reorient_first    0.0000    0.0000    1.0728    0.3341   0.2507 PASS
5    reorient   reorient_first    0.0000    0.0000    1.0109    0.3341   0.5500 PASS
5    translate  reorient_first    0.0000    0.0000    0.9830    0.3180   0.5500 PASS
5    descend    reorient_first    0.0000    0.0000    0.9830    0.3180   0.2516 PASS
5    SUMMARY    reorient_first         -         -         -         -        - PASS
6    lift       reorient_first    0.0000    0.0000    0.9830    0.3180   0.2516 PASS
6    reorient   reorient_first    0.0000    0.0000    0.9465    0.3151   0.5500 PASS
6    translate  reorient_first    0.0000    0.0000    0.9063    0.2935   0.5500 PASS
6    descend    reorient_first    0.0000    0.0000    0.9063    0.2935   0.2523 PASS
6    SUMMARY    reorient_first         -         -         -         -        - PASS
7    lift       reorient_first    0.0000    0.0000    0.9063    0.2935   0.2523 PASS
7    reorient   reorient_first    0.0000    0.0000    0.8999    0.2906   0.5500 PASS
7    translate  reorient_first    0.0000    0.0000    0.8676    0.2749   0.5500 PASS
7    descend    reorient_first    0.0000    0.0000    0.8676    0.2749   0.2527 PASS
7    SUMMARY    reorient_first         -         -         -         -        - PASS
8    lift       reorient_first    0.0000    0.0000    0.8676    0.2749   0.2527 PASS
8    reorient   reorient_first    0.0000    0.0000    0.8676    0.2725   0.5500 PASS
8    translate  reorient_first    0.0000    0.0000    0.8785    0.2676   0.5500 PASS
8    descend    reorient_first    0.0000    0.0000    0.8785    0.2676   0.2528 PASS
8    SUMMARY    reorient_first         -         -         -         -        - PASS
14   lift       reorient_first    0.0000    0.0000    0.8785    0.2676   0.2528 PASS
14   reorient   reorient_first    0.0000    0.0000    0.6902    0.2676   0.5500 PASS
14   translate  reorient_first    0.0000    0.0000    0.5952    0.2720   0.5500 PASS
14   descend    reorient_first    0.0000    0.0000    0.5952    0.2720   0.2517 PASS
14   SUMMARY    reorient_first         -         -         -         -        - PASS
12   lift       reorient_first    0.0000    0.0000    0.5952    0.2720   0.2517 PASS
12   reorient   reorient_first    0.0000    0.0000    0.5633    0.2715   0.5500 PASS
12   translate  reorient_first    0.0000    0.0000    0.4969    0.2408   0.5500 PASS
12   descend    reorient_first    0.0000    0.0000    0.4969    0.2408   0.2527 PASS
12   SUMMARY    reorient_first         -         -         -         -        - PASS
11   lift       reorient_first    0.0000    0.0000    0.4969    0.2408   0.2527 PASS
11   reorient   reorient_first    0.0000    0.0000    0.4969    0.2408   0.5500 PASS
11   translate  reorient_first    0.0000    0.0000    0.5217    0.2465   0.5500 PASS
11   descend    reorient_first    0.0000    0.0000    0.5309    0.2555   0.2524 PASS
11   SUMMARY    reorient_first         -         -         -         -        - PASS
26   lift       reorient_first    0.0000    0.0000    0.5309    0.2555   0.2524 PASS
26   reorient   reorient_first    0.0000    0.0000    0.5309    0.2430   0.5500 PASS
26   translate  reorient_first    0.0000    0.0000    0.5715    0.2438   0.5500 PASS
26   descend    reorient_first    0.0000    0.0000    0.9447    0.2908   0.2599 PASS
26   SUMMARY    reorient_first         -         -         -         -        - PASS
16   lift       reorient_first    0.0000    0.0000    0.9447    0.2908   0.2599 PASS
16   reorient   reorient_first    0.0000    0.0000    0.7742    0.2359   0.5500 PASS
16   translate  reorient_first    0.0000    0.0000    0.7742    0.1804   0.5500 PASS
16   descend    reorient_first    0.0000    0.0000    0.6580    0.1804   0.2590 PASS
16   SUMMARY    reorient_first         -         -         -         -        - PASS
15   lift       reorient_first    0.0000    0.0000    0.6580    0.1804   0.2590 PASS
15   reorient   reorient_first    0.0000    0.0000    0.6510    0.1276   0.5500 PASS
15   translate  reorient_first    0.0000    0.0000    0.6510    0.0641   0.5500 PASS
15   descend    reorient_first    0.0000    0.0000    0.3486    0.0633   0.2584 PASS
15   SUMMARY    reorient_first         -         -         -         -        - PASS
24   lift       reorient_first    0.0000    0.0000    0.3486    0.0633   0.2584 PASS
24   reorient   reorient_first    0.0000    0.0000    0.7236    0.0641   0.5500 PASS
24   translate  reorient_first    0.0000    0.0000    0.7950    0.0961   0.5500 PASS
24   descend    reorient_first    0.0000    0.0000    0.5208    0.0949   0.3556 PASS
24   SUMMARY    reorient_first         -         -         -         -        - PASS
23   lift       reorient_first    0.0000    0.0000    0.5208    0.0949   0.3556 PASS
23   reorient   reorient_first    0.0000    0.0000    0.7950    0.0901   0.5500 PASS
23   translate  reorient_first    0.0000    0.0000    0.8851    0.0831   0.5500 PASS
23   descend    reorient_first    0.0000    0.0000    0.7967    0.1010   0.4280 PASS
23   RESCUE     roll +15 deg           -         -         -         -        - PASS 绕光轴转 +15° 后整链通过
23   SUMMARY    reorient_first         -         -         -         -        - PASS

离线数值门禁: PASS
注意：本门禁不证明无碰撞（仓库无场景模型）；避障依靠抬升-平移-下降结构与高于台面所有物体的巡航高度，仍需人眼确认。
OUTPUT: outputs/vision/gate-half.json
