/usr/lib/python3/dist-packages/scipy/__init__.py:146: UserWarning: A NumPy version >=1.17.3 and <1.25.0 is required for this version of SciPy (detected version 1.26.4
  warnings.warn(f"A NumPy version >={np_minversion} and <{np_maxversion}"
当前 TCP: [0.5304, -0.1147, 0.5499] | 姿态(rx,ry,rz rad): [-1.2689, 2.8111, 0.5077]
FK 一致度: 0.002462 m / 0.004511 rad (门禁 0.010 m / 0.020 rad) -> PASS
当前位姿最小奇异值 0.3024（作为奇异度基线）

slot 段          段序              IKpos_mm  rot_mrad      关节余量      最小奇异      法兰z 结论
1    lift       reorient_first    0.0000    0.0000    1.5246    0.3021   0.5499 PASS
1    reorient   reorient_first    0.0000    0.0000    1.4126    0.2671   0.5500 PASS
1    translate  reorient_first    0.0000    0.0000    1.1778    0.1723   0.5500 PASS
1    descend    reorient_first    0.0000    0.0000    0.7356    0.1689   0.2508 PASS
1    SUMMARY    reorient_first         -         -         -         -        - PASS
2    lift       reorient_first    0.0000    0.0000    0.7356    0.1689   0.2508 PASS
2    reorient   reorient_first    0.0000    0.0000    1.0262    0.1451   0.5500 PASS
2    translate  reorient_first    0.0000    0.0000    0.6642    0.0834   0.5500 PASS
2    descend    reorient_first    0.0000    0.0000    0.6182    0.0835   0.2507 PASS
2    SUMMARY    reorient_first         -         -         -         -        - PASS
3    lift       reorient_first    0.0000    0.0000    0.6182    0.0835   0.2507 PASS
3    reorient   reorient_first    0.0000    0.0000    0.6635    0.0835   0.5500 PASS
3    translate  reorient_first    0.0000    0.0000    0.9610    0.2132   0.5500 PASS
3    descend    reorient_first    0.0000    0.0000    0.9830    0.3180   0.2516 PASS
3    SUMMARY    reorient_first         -         -         -         -        - PASS
4    lift       reorient_first    0.0000    0.0000    0.9830    0.3180   0.2516 PASS
4    reorient   reorient_first    0.0000    0.0000    0.9830    0.3173   0.5500 PASS
4    translate  reorient_first    0.0000    0.0000    1.0643    0.3173   0.5500 PASS
4    descend    reorient_first    0.0000    0.0000    1.0744    0.3323   0.2508 PASS
4    SUMMARY    reorient_first         -         -         -         -        - PASS
5    lift       reorient_first    0.0000    0.0000    1.0744    0.3323   0.2508 PASS
5    reorient   reorient_first    0.0000    0.0000    1.0136    0.3278   0.5500 PASS
5    translate  reorient_first    0.0000    0.0000    0.9222    0.2859   0.5500 PASS
5    descend    reorient_first    0.0000    0.0000    0.9222    0.2859   0.2523 PASS
5    SUMMARY    reorient_first         -         -         -         -        - PASS
6    lift       reorient_first    0.0000    0.0000    0.9222    0.2859   0.2523 PASS
6    reorient   reorient_first    0.0000    0.0000    0.9218    0.2797   0.5500 PASS
6    translate  reorient_first    0.0000    0.0000    0.9360    0.2649   0.5500 PASS
6    descend    reorient_first    0.0000    0.0000    0.9360    0.2649   0.2526 PASS
6    SUMMARY    reorient_first         -         -         -         -        - PASS
7    lift       reorient_first    0.0000    0.0000    0.9360    0.2649   0.2526 PASS
7    reorient   reorient_first    0.0000    0.0000    0.9360    0.2495   0.5500 PASS
7    translate  reorient_first    0.0000    0.0000    1.2127    0.2495   0.5500 PASS
7    descend    reorient_first    0.0000    0.0000    1.2127    0.2818   0.2517 PASS
7    SUMMARY    reorient_first         -         -         -         -        - PASS
8    lift       reorient_first    0.0000    0.0000    1.2127    0.2818   0.2517 PASS
8    reorient   reorient_first    0.0000    0.0000    1.0366    0.2373   0.5500 PASS
8    translate  reorient_first    0.0000    0.0000    1.0366    0.2132   0.5500 PASS
8    descend    reorient_first    0.0000    0.0000    1.1777    0.2070   0.2522 PASS
8    SUMMARY    reorient_first         -         -         -         -        - PASS
9    lift       reorient_first    0.0000    0.0000    1.1777    0.2070   0.2522 PASS
9    reorient   reorient_first    0.0000    0.0000    1.2396    0.2089   0.5500 PASS
9    translate  reorient_first    0.0000    0.0000    1.2900    0.2103   0.5500 PASS
9    descend    reorient_first    0.0000    0.0000    1.2900    0.2371   0.2991 PASS
9    SUMMARY    reorient_first         -         -         -         -        - PASS
10   lift       reorient_first    0.0000    0.0000    1.2900    0.2371   0.2991 PASS
10   reorient   reorient_first    0.0000    0.0000    0.2692    0.2085   0.5500 PASS
10   translate  reorient_first    0.0000    0.0000    0.2692    0.1788   0.5500 PASS
10   descend    reorient_first    0.0000    0.0000    0.5510    0.1736   0.2604 PASS
10   SUMMARY    reorient_first         -         -         -         -        - PASS
11   lift       reorient_first    0.0000    0.0000    0.5510    0.1736   0.2604 PASS
11   reorient   reorient_first    0.0000    0.0001    0.5510    0.1245   0.5500 PASS
11   translate  reorient_first    0.0000    0.0000    0.7928    0.2945   0.5500 PASS
11   descend    reorient_first    0.0000    0.0000    0.7928    0.2945   0.3109 PASS
11   RESCUE     roll +150 deg          -         -         -         -        - PASS 绕光轴转 +150° 后整链通过
11   SUMMARY    reorient_first         -         -         -         -        - PASS
12   lift       reorient_first    0.0000    0.0000    0.7928    0.2945   0.3109 PASS
12   reorient   reorient_first    0.0000    0.0000    0.6806    0.2707   0.5500 PASS
12   translate  reorient_first    0.0000    0.0000    0.4720    0.0641   0.5500 PASS
12   descend    reorient_first    0.0000    0.0000    0.3486    0.0633   0.2584 PASS
12   SUMMARY    reorient_first         -         -         -         -        - PASS
13   lift       reorient_first    0.0000    0.0000    0.3486    0.0633   0.2584 PASS
13   reorient   reorient_first    0.0000    0.0000    0.7236    0.0641   0.5500 PASS
13   translate  reorient_first    0.0000    0.0000    1.0417    0.1118   0.5500 PASS
13   descend    reorient_first    0.0000    0.0000    1.2327    0.3056   0.3755 PASS
13   SUMMARY    reorient_first         -         -         -         -        - PASS
14   lift       reorient_first    0.0000    0.0000    1.2327    0.3056   0.3755 PASS
14   reorient   reorient_first    0.0000    0.0000    0.9049    0.3056   0.5500 PASS
14   translate  reorient_first    0.0000    0.0000    0.8379    0.3171   0.5500 PASS
14   descend    reorient_first    0.0000    0.0000    0.8379    0.3171   0.2623 PASS
14   SUMMARY    reorient_first         -         -         -         -        - PASS
15   lift       reorient_first    0.0000    0.0000    0.8379    0.3171   0.2623 PASS
15   reorient   reorient_first    0.0000    0.0000    0.8156    0.3140   0.5500 PASS
15   translate  reorient_first    0.0000    0.0000    0.6654    0.2499   0.5500 PASS
15   descend    reorient_first    0.0000    0.0000    0.6654    0.2499   0.2515 PASS
15   SUMMARY    reorient_first         -         -         -         -        - PASS
16   lift       reorient_first    0.0000    0.0000    0.6654    0.2499   0.2515 PASS
16   reorient   reorient_first    0.0000    0.0000    0.6654    0.2472   0.5500 PASS
16   translate  reorient_first    0.0000    0.0000    0.7007    0.2279   0.5500 PASS
16   descend    reorient_first    0.0000    0.0000    0.7007    0.2279   0.2519 PASS
16   SUMMARY    reorient_first         -         -         -         -        - PASS
17   lift       reorient_first    0.0000    0.0000    0.7007    0.2279   0.2519 PASS
17   reorient   reorient_first    0.0000    0.0000    0.7007    0.2198   0.5500 PASS
17   translate  reorient_first    0.0000    0.0000    0.7300    0.1730   0.5500 PASS
17   descend    reorient_first    0.0000    0.0000    0.7300    0.1730   0.2686 PASS
17   SUMMARY    reorient_first         -         -         -         -        - PASS
18   lift       translate_first   0.0000    0.0000    0.7300    0.1730   0.2686 PASS
18   translate  translate_first   0.0000    0.0000    0.7300    0.1730   0.5500 PASS
18   reorient   translate_first   0.0000    0.0000    0.8052    0.1708   0.5500 PASS
18   descend    translate_first   0.0000    0.0000    0.8287    0.1672   0.2657 PASS
18   SUMMARY    translate_first        -         -         -         -        - PASS
19   lift       reorient_first    0.0000    0.0000    0.8287    0.1672   0.2657 PASS
19   reorient   reorient_first    0.0000    0.0001    0.3040    0.1590   0.5500 PASS
19   translate  reorient_first    0.0000    0.0000    0.7887    0.2735   0.5500 PASS
19   descend    reorient_first    0.0000    0.0000    0.7887    0.2735   0.3747 PASS
19   RESCUE     roll +150 deg          -         -         -         -        - PASS 绕光轴转 +150° 后整链通过
19   SUMMARY    reorient_first         -         -         -         -        - PASS
20   lift       reorient_first    0.0000    0.0000    0.7887    0.2735   0.3747 PASS
20   reorient   reorient_first    0.0000    0.0000    0.7887    0.2511   0.5500 PASS
20   translate  reorient_first    0.0000    0.0000    0.9857    0.1011   0.5500 PASS
20   descend    reorient_first    0.0000    0.0000    0.7967    0.1010   0.4280 PASS
20   RESCUE     roll +15 deg           -         -         -         -        - PASS 绕光轴转 +15° 后整链通过
20   SUMMARY    reorient_first         -         -         -         -        - PASS
21   lift       reorient_first    0.0000    0.0000    0.7967    0.1010   0.4280 PASS
21   reorient   reorient_first    0.0000    0.0000    0.9857    0.1011   0.5500 PASS
21   translate  reorient_first    0.0000    0.0000    1.0564    0.1608   0.5500 PASS
21   descend    reorient_first    0.0000    0.0000    1.1457    0.2477   0.4853 PASS
21   SUMMARY    reorient_first         -         -         -         -        - PASS
22   lift       reorient_first    0.0000    0.0000    1.1457    0.2477   0.4853 PASS
22   reorient   reorient_first    0.0000    0.0000    0.9088    0.2481   0.5500 PASS
22   translate  reorient_first    0.0000    0.0000    0.7981    0.2499   0.5500 PASS
22   descend    reorient_first    0.0000    0.0000    0.7981    0.3382   0.2646 PASS
22   SUMMARY    reorient_first         -         -         -         -        - PASS
23   lift       reorient_first    0.0000    0.0000    0.7981    0.3382   0.2646 PASS
23   reorient   reorient_first    0.0000    0.0000    0.7958    0.3306   0.5500 PASS
23   translate  reorient_first    0.0000    0.0000    0.5822    0.2304   0.5500 PASS
23   descend    reorient_first    0.0000    0.0000    0.5822    0.2304   0.2678 PASS
23   SUMMARY    reorient_first         -         -         -         -        - PASS
24   lift       reorient_first    0.0000    0.0000    0.5822    0.2304   0.2678 PASS
24   reorient   reorient_first    0.0000    0.0000    0.5822    0.2304   0.5500 PASS
24   translate  reorient_first    0.0000    0.0000    0.3662    0.1291   0.5500 PASS
24   descend    reorient_first    0.0000    0.0000    0.3662    0.1291   0.2502 PASS
24   SUMMARY    reorient_first         -         -         -         -        - PASS
25   lift       translate_first   0.0000    0.0000    0.3662    0.1291   0.2502 PASS
25   translate  translate_first   0.0000    0.0000    0.3662    0.1291   0.5500 PASS
25   reorient   translate_first   0.0000    0.0000    0.1339    0.1688   0.5500 PASS
25   descend    translate_first   0.0000    0.0000    0.1339    0.1689   0.2508 PASS
25   SUMMARY    translate_first        -         -         -         -        - PASS
26   lift       reorient_first    0.0000    0.0000    0.1339    0.1689   0.2508 PASS
26   reorient   reorient_first    0.0000    0.0000    0.1339    0.1427   0.5500 PASS
26   translate  reorient_first    0.0000    0.0000    1.1365    0.2361   0.5500 PASS
26   descend    reorient_first    0.0000    0.0000    1.2327    0.3056   0.3755 PASS
26   SUMMARY    reorient_first         -         -         -         -        - PASS

离线数值门禁: PASS
注意：本门禁不证明无碰撞（仓库无场景模型）；避障依靠抬升-平移-下降结构与高于台面所有物体的巡航高度，仍需人眼确认。
OUTPUT: outputs/vision/gate-wrist-listed.json
