/usr/lib/python3/dist-packages/scipy/__init__.py:146: UserWarning: A NumPy version >=1.17.3 and <1.25.0 is required for this version of SciPy (detected version 1.26.4
  warnings.warn(f"A NumPy version >={np_minversion} and <{np_maxversion}"
当前 TCP: [0.6475, -0.2684, 0.5474] | 姿态(rx,ry,rz rad): [2.0017, -1.5568, -0.6403]
FK 一致度: 0.002059 m / 0.004797 rad (门禁 0.010 m / 0.020 rad) -> PASS
访问顺序（关节空间最近邻）: [6, 14, 5, 13, 4, 12, 3, 11, 2, 10, 1, 9, 25, 17, 18, 19, 20, 7, 15, 23, 22, 21]
当前位姿最小奇异值 0.2941（作为奇异度基线）

自碰撞门禁已启用：相机 vs 机械臂网格，门限 40 mm
slot 段          段序              IKpos_mm  rot_mrad      关节余量      最小奇异      法兰z 结论
6    DEFER      retry later            -         -         -         -        - 本轮不可达，排到队尾重试（前驱不同可能就通了）
14   DEFER      retry later            -         -         -         -        - 本轮不可达，排到队尾重试（前驱不同可能就通了）
5    DEFER      retry later            -         -         -         -        - 本轮不可达，排到队尾重试（前驱不同可能就通了）
13   DEFER      retry later            -         -         -         -        - 本轮不可达，排到队尾重试（前驱不同可能就通了）
4    DEFER      retry later            -         -         -         -        - 本轮不可达，排到队尾重试（前驱不同可能就通了）
12   DEFER      retry later            -         -         -         -        - 本轮不可达，排到队尾重试（前驱不同可能就通了）
3    DEFER      retry later            -         -         -         -        - 本轮不可达，排到队尾重试（前驱不同可能就通了）
11   DEFER      retry later            -         -         -         -        - 本轮不可达，排到队尾重试（前驱不同可能就通了）
2    DEFER      retry later            -         -         -         -        - 本轮不可达，排到队尾重试（前驱不同可能就通了）
10   DEFER      retry later            -         -         -         -        - 本轮不可达，排到队尾重试（前驱不同可能就通了）
1    DEFER      retry later            -         -         -         -        - 本轮不可达，排到队尾重试（前驱不同可能就通了）
9    DEFER      retry later            -         -         -         -        - 本轮不可达，排到队尾重试（前驱不同可能就通了）
25   DEFER      retry later            -         -         -         -        - 本轮不可达，排到队尾重试（前驱不同可能就通了）
17   DEFER      retry later            -         -         -         -        - 本轮不可达，排到队尾重试（前驱不同可能就通了）
18   DEFER      retry later            -         -         -         -        - 本轮不可达，排到队尾重试（前驱不同可能就通了）
19   DEFER      retry later            -         -         -         -        - 本轮不可达，排到队尾重试（前驱不同可能就通了）
20   DEFER      retry later            -         -         -         -        - 本轮不可达，排到队尾重试（前驱不同可能就通了）
7    DEFER      retry later            -         -         -         -        - 本轮不可达，排到队尾重试（前驱不同可能就通了）
15   DEFER      retry later            -         -         -         -        - 本轮不可达，排到队尾重试（前驱不同可能就通了）
23   DEFER      retry later            -         -         -         -        - 本轮不可达，排到队尾重试（前驱不同可能就通了）
22   DEFER      retry later            -         -         -         -        - 本轮不可达，排到队尾重试（前驱不同可能就通了）
21   DEFER      retry later            -         -         -         -        - 本轮不可达，排到队尾重试（前驱不同可能就通了）

--- 队尾重试第 1 轮，剩余 22 个位姿：[6, 14, 5, 13, 4, 12, 3, 11, 2, 10, 1, 9, 25, 17, 18, 19, 20, 7, 15, 23, 22, 21] ---
6    lift       translate_first   0.0000    0.0000    0.9444    0.2687   0.5474   27.5mm FAIL sample 0 camera clearance 30.1 mm < 40.0 mm (camera_housing vs upper_arm_link_0);sample 1 camera clearance 29.7 mm < 40.0 mm (camera_housing vs upper_arm_link_0)
6    SUMMARY    -                      -         -         -         -        - FAIL 重试后仍不可达
14   lift       translate_first   0.0000    0.0000    0.9444    0.2687   0.5474   27.5mm FAIL sample 0 camera clearance 30.1 mm < 40.0 mm (camera_housing vs upper_arm_link_0);sample 1 camera clearance 29.7 mm < 40.0 mm (camera_housing vs upper_arm_link_0)
14   SUMMARY    -                      -         -         -         -        - FAIL 重试后仍不可达
5    lift       translate_first   0.0000    0.0000    0.9444    0.2687   0.5474   27.5mm FAIL sample 0 camera clearance 30.1 mm < 40.0 mm (camera_housing vs upper_arm_link_0);sample 1 camera clearance 29.7 mm < 40.0 mm (camera_housing vs upper_arm_link_0)
5    SUMMARY    -                      -         -         -         -        - FAIL 重试后仍不可达
13   lift       translate_first   0.0000    0.0000    0.9444    0.2687   0.5474   27.5mm FAIL sample 0 camera clearance 30.1 mm < 40.0 mm (camera_housing vs upper_arm_link_0);sample 1 camera clearance 29.7 mm < 40.0 mm (camera_housing vs upper_arm_link_0)
13   SUMMARY    -                      -         -         -         -        - FAIL 重试后仍不可达
4    lift       translate_first   0.0000    0.0000    0.9444    0.2687   0.5474   27.5mm FAIL sample 0 camera clearance 30.1 mm < 40.0 mm (camera_housing vs upper_arm_link_0);sample 1 camera clearance 29.7 mm < 40.0 mm (camera_housing vs upper_arm_link_0)
4    SUMMARY    -                      -         -         -         -        - FAIL 重试后仍不可达
12   lift       translate_first   0.0000    0.0000    0.9444    0.2687   0.5474   27.5mm FAIL sample 0 camera clearance 30.1 mm < 40.0 mm (camera_housing vs upper_arm_link_0);sample 1 camera clearance 29.7 mm < 40.0 mm (camera_housing vs upper_arm_link_0)
12   SUMMARY    -                      -         -         -         -        - FAIL 重试后仍不可达
3    lift       translate_first   0.0000    0.0000    0.9444    0.2687   0.5474   27.5mm FAIL sample 0 camera clearance 30.1 mm < 40.0 mm (camera_housing vs upper_arm_link_0);sample 1 camera clearance 29.7 mm < 40.0 mm (camera_housing vs upper_arm_link_0)
3    SUMMARY    -                      -         -         -         -        - FAIL 重试后仍不可达
11   lift       translate_first   0.0000    0.0000    0.9444    0.2687   0.5474   27.5mm FAIL sample 0 camera clearance 30.1 mm < 40.0 mm (camera_housing vs upper_arm_link_0);sample 1 camera clearance 29.7 mm < 40.0 mm (camera_housing vs upper_arm_link_0)
11   SUMMARY    -                      -         -         -         -        - FAIL 重试后仍不可达
2    lift       translate_first   0.0000    0.0000    0.9444    0.2687   0.5474   27.5mm FAIL sample 0 camera clearance 30.1 mm < 40.0 mm (camera_housing vs upper_arm_link_0);sample 1 camera clearance 29.7 mm < 40.0 mm (camera_housing vs upper_arm_link_0)
2    SUMMARY    -                      -         -         -         -        - FAIL 重试后仍不可达
10   lift       translate_first   0.0000    0.0000    0.9444    0.2687   0.5474   27.5mm FAIL sample 0 camera clearance 30.1 mm < 40.0 mm (camera_housing vs upper_arm_link_0);sample 1 camera clearance 29.7 mm < 40.0 mm (camera_housing vs upper_arm_link_0)
10   SUMMARY    -                      -         -         -         -        - FAIL 重试后仍不可达
1    lift       translate_first   0.0000    0.0000    0.9444    0.2687   0.5474   27.5mm FAIL sample 0 camera clearance 30.1 mm < 40.0 mm (camera_housing vs upper_arm_link_0);sample 1 camera clearance 29.7 mm < 40.0 mm (camera_housing vs upper_arm_link_0)
1    SUMMARY    -                      -         -         -         -        - FAIL 重试后仍不可达
9    lift       translate_first   0.0000    0.0000    0.9444    0.2687   0.5474   27.5mm FAIL sample 0 camera clearance 30.1 mm < 40.0 mm (camera_housing vs upper_arm_link_0);sample 1 camera clearance 29.7 mm < 40.0 mm (camera_housing vs upper_arm_link_0)
9    SUMMARY    -                      -         -         -         -        - FAIL 重试后仍不可达
25   lift       translate_first   0.0000    0.0000    0.9444    0.2687   0.5474   27.5mm FAIL sample 0 camera clearance 30.1 mm < 40.0 mm (camera_housing vs upper_arm_link_0);sample 1 camera clearance 29.7 mm < 40.0 mm (camera_housing vs upper_arm_link_0)
25   SUMMARY    -                      -         -         -         -        - FAIL 重试后仍不可达
17   lift       translate_first   0.0000    0.0000    0.9444    0.2687   0.5474   27.5mm FAIL sample 0 camera clearance 30.1 mm < 40.0 mm (camera_housing vs upper_arm_link_0);sample 1 camera clearance 29.7 mm < 40.0 mm (camera_housing vs upper_arm_link_0)
17   SUMMARY    -                      -         -         -         -        - FAIL 重试后仍不可达
18   lift       translate_first   0.0000    0.0000    0.9444    0.2687   0.5474   27.5mm FAIL sample 0 camera clearance 30.1 mm < 40.0 mm (camera_housing vs upper_arm_link_0);sample 1 camera clearance 29.7 mm < 40.0 mm (camera_housing vs upper_arm_link_0)
18   SUMMARY    -                      -         -         -         -        - FAIL 重试后仍不可达
19   lift       translate_first   0.0000    0.0000    0.9444    0.2687   0.5474   27.5mm FAIL sample 0 camera clearance 30.1 mm < 40.0 mm (camera_housing vs upper_arm_link_0);sample 1 camera clearance 29.7 mm < 40.0 mm (camera_housing vs upper_arm_link_0)
19   SUMMARY    -                      -         -         -         -        - FAIL 重试后仍不可达
20   lift       translate_first   0.0000    0.0000    0.9444    0.2687   0.5474   27.5mm FAIL sample 0 camera clearance 30.1 mm < 40.0 mm (camera_housing vs upper_arm_link_0);sample 1 camera clearance 29.7 mm < 40.0 mm (camera_housing vs upper_arm_link_0)
20   SUMMARY    -                      -         -         -         -        - FAIL 重试后仍不可达
7    lift       translate_first   0.0000    0.0000    0.9444    0.2687   0.5474   27.5mm FAIL sample 0 camera clearance 30.1 mm < 40.0 mm (camera_housing vs upper_arm_link_0);sample 1 camera clearance 29.7 mm < 40.0 mm (camera_housing vs upper_arm_link_0)
7    SUMMARY    -                      -         -         -         -        - FAIL 重试后仍不可达
15   lift       translate_first   0.0000    0.0000    0.9444    0.2687   0.5474   27.5mm FAIL sample 0 camera clearance 30.1 mm < 40.0 mm (camera_housing vs upper_arm_link_0);sample 1 camera clearance 29.7 mm < 40.0 mm (camera_housing vs upper_arm_link_0)
15   SUMMARY    -                      -         -         -         -        - FAIL 重试后仍不可达
23   lift       translate_first   0.0000    0.0000    0.9444    0.2687   0.5474   27.5mm FAIL sample 0 camera clearance 30.1 mm < 40.0 mm (camera_housing vs upper_arm_link_0);sample 1 camera clearance 29.7 mm < 40.0 mm (camera_housing vs upper_arm_link_0)
23   SUMMARY    -                      -         -         -         -        - FAIL 重试后仍不可达
22   lift       translate_first   0.0000    0.0000    0.9444    0.2687   0.5474   27.5mm FAIL sample 0 camera clearance 30.1 mm < 40.0 mm (camera_housing vs upper_arm_link_0);sample 1 camera clearance 29.7 mm < 40.0 mm (camera_housing vs upper_arm_link_0)
22   SUMMARY    -                      -         -         -         -        - FAIL 重试后仍不可达
21   lift       translate_first   0.0000    0.0000    0.9444    0.2687   0.5474   27.5mm FAIL sample 0 camera clearance 30.1 mm < 40.0 mm (camera_housing vs upper_arm_link_0);sample 1 camera clearance 29.7 mm < 40.0 mm (camera_housing vs upper_arm_link_0)
21   SUMMARY    -                      -         -         -         -        - FAIL 重试后仍不可达

离线数值门禁: FAIL
注意：本门禁不证明无碰撞（仓库无场景模型）；避障依靠抬升-平移-下降结构与高于台面所有物体的巡航高度，仍需人眼确认。
OUTPUT: outputs/vision/gate-safe-A1.json
