/usr/lib/python3/dist-packages/scipy/__init__.py:146: UserWarning: A NumPy version >=1.17.3 and <1.25.0 is required for this version of SciPy (detected version 1.26.4
  warnings.warn(f"A NumPy version >={np_minversion} and <{np_maxversion}"
当前 TCP: [0.467, -0.0537, 0.3753] | 姿态(rx,ry,rz rad): [1.9351, -2.3647, -0.0003]
FK 一致度: 0.002510 m / 0.003585 rad (门禁 0.010 m / 0.020 rad) -> PASS
访问顺序（关节空间最近邻）: [21, 17, 14, 6, 2, 13, 26, 5, 4, 12, 16, 20, 24, 11, 15, 3, 19, 10, 18, 22, 9, 1, 25, 23, 8, 7]
当前位姿最小奇异值 0.2894（作为奇异度基线）

slot 段          段序              IKpos_mm  rot_mrad      关节余量      最小奇异      法兰z 结论
21   lift       reorient_first    0.0000    0.0000    1.1643    0.2874   0.3753 PASS
21   reorient   reorient_first    0.0000    0.0000    1.3829    0.2874   0.5500 PASS
21   translate  reorient_first    0.0000    0.0000    1.2448    0.2498   0.5500 PASS
21   descend    reorient_first    0.0000    0.0000    1.1566    0.2493   0.4862 PASS
21   SUMMARY    reorient_first         -         -         -         -        - PASS
17   lift       reorient_first    0.0000    0.0000    1.1566    0.2493   0.4862 PASS
17   reorient   reorient_first    0.0000    0.0000    1.2414    0.2078   0.5500 PASS
17   translate  reorient_first    0.0000    0.0000    1.2414    0.2078   0.5500 PASS
17   descend    reorient_first    0.0000    0.0000    1.3690    0.2943   0.4890 PASS
17   SUMMARY    reorient_first         -         -         -         -        - PASS
14   lift       reorient_first    0.0000    0.0UR 30003 暂无状态，正在自动重连：timed out
UR 30003 暂无状态，正在自动重连：timed out
UR 30003 暂无状态，正在自动重连：timed out
UR 30003 暂无状态，正在自动重连：timed out
UR 30003 暂无状态，正在自动重连：timed out
UR 30003 暂无状态，正在自动重连：timed out
UR 30003 暂无状态，正在自动重连：timed out
UR 30003 暂无状态，正在自动重连：timed out
UR 30003 暂无状态，正在自动重连：timed out
UR 30003 暂无状态，正在自动重连：timed out
UR 30003 暂无状态，正在自动重连：timed out
UR 30003 暂无状态，正在自动重连：timed out
UR 30003 暂无状态，正在自动重连：timed out
UR 30003 暂无状态，正在自动重连：timed out
UR 30003 暂无状态，正在自动重连：timed out
UR 30003 暂无状态，正在自动重连：timed out
UR 30003 暂无状态，正在自动重连：timed out
UR 30003 暂无状态，正在自动重连：timed out
UR 30003 暂无状态，正在自动重连：timed out
UR 30003 暂无状态，正在自动重连：timed out
UR 30003 暂无状态，正在自动重连：timed out
UR 30003 暂无状态，正在自动重连：timed out
UR 30003 暂无状态，正在自动重连：timed out
UR 30003 暂无状态，正在自动重连：timed out
UR 30003 暂无状态，正在自动重连：timed out
UR 30003 暂无状态，正在自动重连：timed out
UR 30003 暂无状态，正在自动重连：timed out
UR 30003 暂无状态，正在自动重连：timed out
UR 30003 暂无状态，正在自动重连：timed out
UR 30003 暂无状态，正在自动重连：timed out
UR 30003 暂无状态，正在自动重连：timed out
UR 30003 暂无状态，正在自动重连：timed out
UR 30003 暂无状态，正在自动重连：timed out
UR 30003 暂无状态，正在自动重连：timed out
UR 30003 暂无状态，正在自动重连：timed out
UR 30003 暂无状态，正在自动重连：timed out
UR 30003 暂无状态，正在自动重连：timed out
UR 30003 暂无状态，正在自动重连：timed out
UR 30003 暂无状态，正在自动重连：timed out
UR 30003 暂无状态，正在自动重连：timed out
UR 30003 暂无状态，正在自动重连：timed out
UR 30003 暂无状态，正在自动重连：timed out
UR 30003 暂无状态，正在自动重连：timed out
UR 30003 暂无状态，正在自动重连：timed out
UR 30003 暂无状态，正在自动重连：timed out
UR 30003 暂无状态，正在自动重连：timed out
UR 30003 暂无状态，正在自动重连：timed out
UR 30003 暂无状态，正在自动重连：timed out
UR 30003 暂无状态，正在自动重连：timed out
UR 30003 暂无状态，正在自动重连：timed out
UR 30003 暂无状态，正在自动重连：timed out
UR 30003 暂无状态，正在自动重连：timed out
UR 30003 暂无状态，正在自动重连：timed out
UR 30003 暂无状态，正在自动重连：timed out
UR 30003 暂无状态，正在自动重连：timed out
UR 30003 暂无状态，正在自动重连：timed out
UR 30003 暂无状态，正在自动重连：timed out
UR 30003 暂无状态，正在自动重连：timed out
UR 30003 暂无状态，正在自动重连：timed out
UR 30003 暂无状态，正在自动重连：timed out
UR 30003 暂无状态，正在自动重连：timed out
UR 30003 暂无状态，正在自动重连：timed out
UR 30003 暂无状态，正在自动重连：timed out
UR 30003 暂无状态，正在自动重连：timed out
UR 30003 暂无状态，正在自动重连：timed out
UR 30003 暂无状态，正在自动重连：timed out
UR 30003 暂无状态，正在自动重连：timed out
UR 30003 暂无状态，正在自动重连：timed out
UR 30003 暂无状态，正在自动重连：timed out
UR 30003 暂无状态，正在自动重连：timed out
UR 30003 暂无状态，正在自动重连：timed out
UR 30003 暂无状态，正在自动重连：timed out
UR 30003 暂无状态，正在自动重连：timed out
UR 30003 暂无状态，正在自动重连：timed out
UR 30003 暂无状态，正在自动重连：timed out
UR 30003 暂无状态，正在自动重连：timed out
UR 30003 暂无状态，正在自动重连：timed out
UR 30003 暂无状态，正在自动重连：timed out
UR 30003 暂无状态，正在自动重连：timed out
UR 30003 暂无状态，正在自动重连：timed out
UR 30003 暂无状态，正在自动重连：timed out
UR 30003 暂无状态，正在自动重连：timed out
UR 30003 暂无状态，正在自动重连：timed out
UR 30003 暂无状态，正在自动重连：timed out
UR 30003 暂无状态，正在自动重连：timed out
UR 30003 暂无状态，正在自动重连：timed out
UR 30003 暂无状态，正在自动重连：timed out
UR 30003 暂无状态，正在自动重连：timed out
UR 30003 暂无状态，正在自动重连：timed out
UR 30003 暂无状态，正在自动重连：timed out
UR 30003 暂无状态，正在自动重连：timed out
UR 30003 暂无状态，正在自动重连：timed out
UR 30003 暂无状态，正在自动重连：timed out
UR 30003 暂无状态，正在自动重连：timed out
UR 30003 暂无状态，正在自动重连：timed out
UR 30003 暂无状态，正在自动重连：timed out
UR 30003 暂无状态，正在自动重连：timed out
UR 30003 暂无状态，正在自动重连：timed out
UR 30003 暂无状态，正在自动重连：timed out
UR 30003 暂无状态，正在自动重连：timed out
UR 30003 暂无状态，正在自动重连：timed out
UR 30003 暂无状态，正在自动重连：timed out
UR 30003 暂无状态，正在自动重连：timed out
UR 30003 暂无状态，正在自动重连：timed out
UR 30003 暂无状态，正在自动重连：timed out
UR 30003 暂无状态，正在自动重连：timed out
UR 30003 暂无状态，正在自动重连：timed out
UR 30003 暂无状态，正在自动重连：timed out
UR 30003 暂无状态，正在自动重连：timed out
UR 30003 暂无状态，正在自动重连：timed out
UR 30003 暂无状态，正在自动重连：timed out
UR 30003 暂无状态，正在自动重连：timed out
UR 30003 暂无状态，正在自动重连：timed out
UR 30003 暂无状态，正在自动重连：timed out
UR 30003 暂无状态，正在自动重连：timed out
UR 30003 暂无状态，正在自动重连：timed out
UR 30003 暂无状态，正在自动重连：timed out
UR 30003 暂无状态，正在自动重连：timed out
UR 30003 暂无状态，正在自动重连：timed out
UR 30003 暂无状态，正在自动重连：timed out
UR 30003 暂无状态，正在自动重连：timed out
UR 30003 暂无状态，正在自动重连：timed out
UR 30003 暂无状态，正在自动重连：timed out
UR 30003 暂无状态，正在自动重连：timed out
UR 30003 暂无状态，正在自动重连：timed out
UR 30003 暂无状态，正在自动重连：timed out
UR 30003 暂无状态，正在自动重连：timed out
UR 30003 暂无状态，正在自动重连：timed out
UR 30003 暂无状态，正在自动重连：timed out
UR 30003 暂无状态，正在自动重连：timed out
UR 30003 暂无状态，正在自动重连：timed out
UR 30003 暂无状态，正在自动重连：timed out
UR 30003 暂无状态，正在自动重连：timed out
UR 30003 暂无状态，正在自动重连：timed out
UR 30003 暂无状态，正在自动重连：timed out
UR 30003 暂无状态，正在自动重连：timed out
UR 30003 暂无状态，正在自动重连：timed out
UR 30003 暂无状态，正在自动重连：timed out
UR 30003 暂无状态，正在自动重连：timed out
UR 30003 暂无状态，正在自动重连：timed out
UR 30003 暂无状态，正在自动重连：timed out
UR 30003 暂无状态，正在自动重连：timed out
UR 30003 暂无状态，正在自动重连：timed out
UR 30003 暂无状态，正在自动重连：timed out
UR 30003 暂无状态，正在自动重连：timed out
UR 30003 暂无状态，正在自动重连：timed out
UR 30003 暂无状态，正在自动重连：timed out
UR 30003 暂无状态，正在自动重连：timed out
UR 30003 暂无状态，正在自动重连：timed out
UR 30003 暂无状态，正在自动重连：timed out
UR 30003 暂无状态，正在自动重连：timed out
UR 30003 暂无状态，正在自动重连：timed out
UR 30003 暂无状态，正在自动重连：timed out
UR 30003 暂无状态，正在自动重连：timed out
UR 30003 暂无状态，正在自动重连：timed out
UR 30003 暂无状态，正在自动重连：timed out
UR 30003 暂无状态，正在自动重连：timed out
UR 30003 暂无状态，正在自动重连：timed out
UR 30003 暂无状态，正在自动重连：timed out
UR 30003 暂无状态，正在自动重连：timed out
UR 30003 暂无状态，正在自动重连：timed out
UR 30003 暂无状态，正在自动重连：timed out
UR 30003 暂无状态，正在自动重连：timed out
UR 30003 暂无状态，正在自动重连：timed out
UR 30003 暂无状态，正在自动重连：timed out
UR 30003 暂无状态，正在自动重连：timed out
UR 30003 暂无状态，正在自动重连：timed out
UR 30003 暂无状态，正在自动重连：timed out
UR 30003 暂无状态，正在自动重连：timed out
UR 30003 暂无状态，正在自动重连：timed out
UR 30003 暂无状态，正在自动重连：timed out
UR 30003 暂无状态，正在自动重连：timed out
UR 30003 暂无状态，正在自动重连：timed out
UR 30003 暂无状态，正在自动重连：timed out
UR 30003 暂无状态，正在自动重连：timed out
UR 30003 暂无状态，正在自动重连：timed out
UR 30003 暂无状态，正在自动重连：timed out
UR 30003 暂无状态，正在自动重连：timed out
UR 30003 暂无状态，正在自动重连：timed out
UR 30003 暂无状态，正在自动重连：timed out
UR 30003 暂无状态，正在自动重连：timed out
UR 30003 暂无状态，正在自动重连：timed out
UR 30003 暂无状态，正在自动重连：timed out
UR 30003 暂无状态，正在自动重连：timed out
UR 30003 暂无状态，正在自动重连：timed out
UR 30003 暂无状态，正在自动重连：timed out
UR 30003 暂无状态，正在自动重连：timed out
UR 30003 暂无状态，正在自动重连：timed out
UR 30003 暂无状态，正在自动重连：timed out
UR 30003 暂无状态，正在自动重连：timed out
UR 30003 暂无状态，正在自动重连：timed out
UR 30003 暂无状态，正在自动重连：timed out
UR 30003 暂无状态，正在自动重连：timed out
UR 30003 暂无状态，正在自动重连：timed out
UR 30003 暂无状态，正在自动重连：timed out
UR 30003 暂无状态，正在自动重连：timed out
UR 30003 暂无状态，正在自动重连：timed out
UR 30003 暂无状态，正在自动重连：timed out
UR 30003 暂无状态，正在自动重连：timed out
UR 30003 暂无状态，正在自动重连：timed out
UR 30003 暂无状态，正在自动重连：timed out
UR 30003 暂无状态，正在自动重连：timed out
UR 30003 暂无状态，正在自动重连：timed out
UR 30003 暂无状态，正在自动重连：timed out
UR 30003 暂无状态，正在自动重连：timed out
UR 30003 暂无状态，正在自动重连：timed out
UR 30003 暂无状态，正在自动重连：timed out
UR 30003 暂无状态，正在自动重连：timed out
UR 30003 暂无状态，正在自动重连：timed out
UR 30003 暂无状态，正在自动重连：timed out
UR 30003 暂无状态，正在自动重连：timed out
UR 30003 暂无状态，正在自动重连：timed out
UR 30003 暂无状态，正在自动重连：timed out
UR 30003 暂无状态，正在自动重连：timed out
UR 30003 暂无状态，正在自动重连：timed out
UR 30003 暂无状态，正在自动重连：timed out
UR 30003 暂无状态，正在自动重连：timed out
UR 30003 暂无状态，正在自动重连：timed out
UR 30003 暂无状态，正在自动重连：timed out
UR 30003 暂无状态，正在自动重连：timed out
UR 30003 暂无状态，正在自动重连：timed out
UR 30003 重连失败，继续等待：timed out
UR 30003 暂无状态，正在自动重连：timed out
UR 30003 暂无状态，正在自动重连：timed out
UR 30003 暂无状态，正在自动重连：timed out
UR 30003 暂无状态，正在自动重连：timed out
UR 30003 暂无状态，正在自动重连：timed out
UR 30003 暂无状态，正在自动重连：timed out
UR 30003 暂无状态，正在自动重连：timed out
UR 30003 暂无状态，正在自动重连：timed out
UR 30003 暂无状态，正在自动重连：timed out
UR 30003 暂无状态，正在自动重连：timed out
UR 30003 暂无状态，正在自动重连：timed out
UR 30003 暂无状态，正在自动重连：timed out
UR 30003 暂无状态，正在自动重连：timed out
UR 30003 暂无状态，正在自动重连：timed out
UR 30003 暂无状态，正在自动重连：timed out
UR 30003 暂无状态，正在自动重连：timed out
UR 30003 暂无状态，正在自动重连：timed out
UR 30003 暂无状态，正在自动重连：timed out
UR 30003 暂无状态，正在自动重连：timed out
UR 30003 暂无状态，正在自动重连：timed out
UR 30003 暂无状态，正在自动重连：timed out
UR 30003 暂无状态，正在自动重连：timed out
UR 30003 暂无状态，正在自动重连：timed out
UR 30003 暂无状态，正在自动重连：timed out
UR 30003 暂无状态，正在自动重连：timed out
UR 30003 暂无状态，正在自动重连：timed out
UR 30003 暂无状态，正在自动重连：timed out
UR 30003 暂无状态，正在自动重连：timed out
UR 30003 暂无状态，正在自动重连：timed out
UR 30003 暂无状态，正在自动重连：timed out
UR 30003 暂无状态，正在自动重连：timed out
UR 30003 暂无状态，正在自动重连：timed out
UR 30003 暂无状态，正在自动重连：timed out
UR 30003 暂无状态，正在自动重连：timed out
UR 30003 暂无状态，正在自动重连：timed out
UR 30003 暂无状态，正在自动重连：timed out
UR 30003 暂无状态，正在自动重连：timed out
UR 30003 暂无状态，正在自动重连：timed out
UR 30003 暂无状态，正在自动重连：timed out
UR 30003 暂无状态，正在自动重连：timed out
UR 30003 重连失败，继续等待：timed out
UR 30003 暂无状态，正在自动重连：timed out
UR 30003 暂无状态，正在自动重连：timed out
UR 30003 暂无状态，正在自动重连：timed out
UR 30003 暂无状态，正在自动重连：timed out
UR 30003 暂无状态，正在自动重连：timed out
UR 30003 暂无状态，正在自动重连：timed out
UR 30003 暂无状态，正在自动重连：timed out
UR 30003 暂无状态，正在自动重连：timed out
UR 30003 暂无状态，正在自动重连：timed out
UR 30003 暂无状态，正在自动重连：timed out
UR 30003 暂无状态，正在自动重连：timed out
UR 30003 暂无状态，正在自动重连：timed out
UR 30003 暂无状态，正在自动重连：timed out
UR 30003 暂无状态，正在自动重连：timed out
UR 30003 暂无状态，正在自动重连：timed out
UR 30003 暂无状态，正在自动重连：timed out
UR 30003 暂无状态，正在自动重连：timed out
UR 30003 暂无状态，正在自动重连：timed out
UR 30003 暂无状态，正在自动重连：timed out
UR 30003 暂无状态，正在自动重连：timed out
UR 30003 暂无状态，正在自动重连：timed out
UR 30003 暂无状态，正在自动重连：timed out
UR 30003 暂无状态，正在自动重连：timed out
UR 30003 暂无状态，正在自动重连：timed out
UR 30003 暂无状态，正在自动重连：timed out
UR 30003 暂无状态，正在自动重连：timed out
UR 30003 暂无状态，正在自动重连：timed out
UR 30003 暂无状态，正在自动重连：timed out
UR 30003 暂无状态，正在自动重连：timed out
UR 30003 暂无状态，正在自动重连：timed out
UR 30003 暂无状态，正在自动重连：timed out
UR 30003 暂无状态，正在自动重连：timed out
UR 30003 暂无状态，正在自动重连：timed out
UR 30003 暂无状态，正在自动重连：timed out
UR 30003 暂无状态，正在自动重连：timed out
UR 30003 暂无状态，正在自动重连：timed out
UR 30003 暂无状态，正在自动重连：timed out
UR 30003 暂无状态，正在自动重连：timed out
UR 30003 暂无状态，正在自动重连：timed out
UR 30003 暂无状态，正在自动重连：timed out
UR 30003 暂无状态，正在自动重连：timed out
UR 30003 暂无状态，正在自动重连：timed out
UR 30003 暂无状态，正在自动重连：timed out
UR 30003 暂无状态，正在自动重连：timed out
UR 30003 暂无状态，正在自动重连：timed out
UR 30003 暂无状态，正在自动重连：timed out
UR 30003 暂无状态，正在自动重连：timed out
UR 30003 暂无状态，正在自动重连：timed out
UR 30003 暂无状态，正在自动重连：timed out
UR 30003 暂无状态，正在自动重连：timed out
UR 30003 暂无状态，正在自动重连：timed out
UR 30003 暂无状态，正在自动重连：timed out
UR 30003 暂无状态，正在自动重连：timed out
UR 30003 暂无状态，正在自动重连：timed out
UR 30003 暂无状态，正在自动重连：timed out
UR 30003 暂无状态，正在自动重连：timed out
UR 30003 暂无状态，正在自动重连：timed out
UR 30003 暂无状态，正在自动重连：timed out
UR 30003 暂无状态，正在自动重连：timed out
UR 30003 暂无状态，正在自动重连：timed out
UR 30003 暂无状态，正在自动重连：timed out
UR 30003 暂无状态，正在自动重连：timed out
UR 30003 暂无状态，正在自动重连：timed out
UR 30003 暂无状态，正在自动重连：timed out
UR 30003 暂无状态，正在自动重连：timed out
UR 30003 暂无状态，正在自动重连：timed out
UR 30003 暂无状态，正在自动重连：timed out
UR 30003 暂无状态，正在自动重连：timed out
UR 30003 暂无状态，正在自动重连：timed out
UR 30003 暂无状态，正在自动重连：timed out
UR 30003 暂无状态，正在自动重连：timed out
UR 30003 暂无状态，正在自动重连：timed out
UR 30003 暂无状态，正在自动重连：timed out
UR 30003 暂无状态，正在自动重连：timed out
UR 30003 暂无状态，正在自动重连：timed out
UR 30003 暂无状态，正在自动重连：timed out
UR 30003 暂无状态，正在自动重连：timed out
UR 30003 暂无状态，正在自动重连：timed out
UR 30003 暂无状态，正在自动重连：timed out
UR 30003 暂无状态，正在自动重连：timed out
UR 30003 暂无状态，正在自动重连：timed out
UR 30003 暂无状态，正在自动重连：timed out
UR 30003 暂无状态，正在自动重连：timed out
UR 30003 暂无状态，正在自动重连：timed out
UR 30003 暂无状态，正在自动重连：timed out
UR 30003 暂无状态，正在自动重连：timed out
UR 30003 暂无状态，正在自动重连：timed out
UR 30003 暂无状态，正在自动重连：timed out
UR 30003 暂无状态，正在自动重连：timed out
UR 30003 暂无状态，正在自动重连：timed out
UR 30003 暂无状态，正在自动重连：timed out
UR 30003 暂无状态，正在自动重连：timed out
UR 30003 暂无状态，正在自动重连：timed out
UR 30003 暂无状态，正在自动重连：timed out
UR 30003 暂无状态，正在自动重连：timed out
UR 30003 暂无状态，正在自动重连：timed out
UR 30003 暂无状态，正在自动重连：timed out
UR 30003 暂无状态，正在自动重连：timed out
UR 30003 暂无状态，正在自动重连：timed out
UR 30003 暂无状态，正在自动重连：timed out
UR 30003 暂无状态，正在自动重连：timed out
UR 30003 暂无状态，正在自动重连：timed out
UR 30003 暂无状态，正在自动重连：timed out
UR 30003 暂无状态，正在自动重连：timed out
UR 30003 暂无状态，正在自动重连：timed out
UR 30003 暂无状态，正在自动重连：timed out
UR 30003 暂无状态，正在自动重连：timed out
UR 30003 暂无状态，正在自动重连：timed out
UR 30003 暂无状态，正在自动重连：timed out
UR 30003 暂无状态，正在自动重连：timed out
UR 30003 暂无状态，正在自动重连：timed out
UR 30003 暂无状态，正在自动重连：timed out
UR 30003 暂无状态，正在自动重连：timed out
UR 30003 暂无状态，正在自动重连：timed out
UR 30003 暂无状态，正在自动重连：timed out
UR 30003 暂无状态，正在自动重连：timed out
UR 30003 暂无状态，正在自动重连：timed out
UR 30003 暂无状态，正在自动重连：timed out
UR 30003 暂无状态，正在自动重连：timed out
UR 30003 暂无状态，正在自动重连：timed out
UR 30003 暂无状态，正在自动重连：timed out
UR 30003 暂无状态，正在自动重连：timed out
UR 30003 暂无状态，正在自动重连：timed out
UR 30003 暂无状态，正在自动重连：timed out
UR 30003 暂无状态，正在自动重连：timed out
UR 30003 暂无状态，正在自动重连：timed out
UR 30003 暂无状态，正在自动重连：timed out
UR 30003 暂无状态，正在自动重连：timed out
UR 30003 暂无状态，正在自动重连：timed out
UR 30003 暂无状态，正在自动重连：timed out
UR 30003 暂无状态，正在自动重连：timed out
UR 30003 暂无状态，正在自动重连：timed out
UR 30003 重连失败，继续等待：[Errno 113] No route to host
UR 30003 重连失败，继续等待：[Errno 113] No route to host
UR 30003 暂无状态，正在自动重连：timed out
UR 30003 暂无状态，正在自动重连：timed out
UR 30003 暂无状态，正在自动重连：timed out
UR 30003 暂无状态，正在自动重连：timed out
UR 30003 暂无状态，正在自动重连：timed out
UR 30003 暂无状态，正在自动重连：timed out
UR 30003 暂无状态，正在自动重连：timed out
UR 30003 暂无状态，正在自动重连：timed out
UR 30003 暂无状态，正在自动重连：timed out
UR 30003 暂无状态，正在自动重连：timed out
