/usr/lib/python3/dist-packages/scipy/__init__.py:146: UserWarning: A NumPy version >=1.17.3 and <1.25.0 is required for this version of SciPy (detected version 1.26.4
  warnings.warn(f"A NumPy version >={np_minversion} and <{np_maxversion}"
IK 感知滚转选取已启用；种子 = live 30003 q_actual at 192.168.1.3
种子 q(rad): [0.0367, -1.717, -1.6169, -4.6305, 4.4074, -2.3955]
引导基准（仅导航，非测量）：参考样本 20260918-112826-092467 + config/handeye_eye_in_hand_20260917.yaml
棋盘格原点估计（base）: [0.5227, -0.1143, -0.0107] m

slot shell   dist   tilt  azimuth   roll  target TCP x y z rx ry rz (deg)        cam_z     tcp_z  risk
1    A1      0.35   15.0      0.0  170.0   0.3012 -0.1949  0.2508    93.4   101.0    51.6    0.3283    0.2508      
25   A1      0.35   15.0      0.0  170.0   0.3012 -0.1949  0.2508    93.4   101.0    51.6    0.3283    0.2508      
2    A1      0.35   15.0     45.0  210.0   0.4597  0.1113  0.2521   125.0    16.8    -1.7    0.3281    0.2521      
3    A1      0.35   15.0     90.0  215.0   0.6592  0.0768  0.2516   123.2   -37.6   -30.4    0.3275    0.2516      
4    A1      0.35   15.0    135.0  215.0   0.7533 -0.0774  0.2527   105.4   -86.4   -53.4    0.3268    0.2527      
5    A1      0.35   15.0    180.0  215.0   0.7109 -0.2530  0.2526    70.2  -130.6   -72.4    0.3265    0.2526      
6    A1      0.35   15.0    225.0  215.0   0.5567 -0.3471  0.2512   -15.7   154.6    79.4    0.3267    0.2512      
7    A1      0.35   15.0    270.0  165.0   0.6251 -0.3256  0.2517    12.1  -155.3   -75.1    0.3273    0.2517      
8    A1      0.35   15.0    315.0  170.0   0.4225 -0.3260  0.2522    51.4   139.9    69.2    0.3280    0.2522      
9    A2      0.45   30.0      0.0  100.0   0.6448 -0.4158  0.2504   -39.2  -133.9   -85.7    0.3812    0.2504      
10   A2      0.45   30.0     45.0  280.0   0.8381 -0.0422  0.2524   110.2   -38.9   -68.0    0.3807    0.2524      
11   A2      0.45   30.0     90.0  120.0   0.2426 -0.1545  0.2957   126.9    46.2    55.8    0.3792    0.2957      
12   A2      0.45   30.0    135.0  105.0   0.2359  0.0246  0.2584   122.2     7.9    44.5    0.3776    0.2584      
13   A2      0.45   30.0    180.0  105.0   0.4171  0.1849  0.2599   111.9   -38.2    17.5    0.3768    0.2599      
26   A2      0.45   30.0    180.0  105.0   0.4171  0.1849  0.2599   111.9   -38.2    17.5    0.3768    0.2599      
14   A2      0.45   30.0    225.0  190.0   0.5842 -0.1906  0.3947    48.8  -159.1   -54.9    0.3774    0.3947      
15   A2      0.45   30.0    270.0  115.0   0.8063 -0.0531  0.2889    48.2  -118.8   -41.0    0.3789    0.2889      
16   A2      0.45   30.0    315.0  100.0   0.8217 -0.2392  0.2519    13.5  -126.1   -63.2    0.3805    0.2519      
17   A3      0.58   50.0      0.0  100.0   0.8232 -0.4314  0.2686   -49.3  -117.3   -73.9    0.3665    0.2686      
18   A3      0.58   50.0     45.0  100.0   0.5099 -0.5528  0.2657  -100.9   -99.9   -95.4    0.3654    0.2657      
19   A3      0.58   50.0     90.0  135.0   0.2624 -0.3150  0.3903   151.2    27.7    53.6    0.3624    0.3903      
20   A3      0.58   50.0    135.0  135.0   0.1952 -0.0748  0.3893   141.7   -30.6    37.9    0.3592    0.3893      
21   A3      0.58   50.0    180.0  130.0   0.3052  0.1573  0.3737   114.4   -74.9    22.3    0.3578    0.3737      
22   A3      0.58   50.0    225.0  100.0   0.5301  0.3250  0.2646    78.7   -80.4    11.4    0.3589    0.2646      
23   A3      0.58   50.0    270.0  100.0   0.8375  0.1893  0.2678    42.4  -105.0   -18.4    0.3619    0.2678      
24   A3      0.58   50.0    315.0   95.0   0.9708 -0.1127  0.2502     3.1  -114.0   -47.9    0.3650    0.2502      
实际使用的滚转集合（自由度用于抬高法兰）：[95.0, 100.0, 105.0, 115.0, 120.0, 130.0, 135.0, 165.0, 170.0, 190.0, 210.0, 215.0, 280.0]
OUTPUT: /home/jx/UR10/outputs/handeye/pose-plan-wrist2-20260918.json
