/usr/lib/python3/dist-packages/scipy/__init__.py:146: UserWarning: A NumPy version >=1.17.3 and <1.25.0 is required for this version of SciPy (detected version 1.26.4
  warnings.warn(f"A NumPy version >={np_minversion} and <{np_maxversion}"
IK 感知滚转选取已启用；种子 = live 30003 q_actual at 192.168.1.3
种子 q(rad): [0.0367, -1.7169, -1.6169, -4.6305, 4.4073, -2.3955]
引导基准（仅导航，非测量）：参考样本 20260918-112826-092467 + config/handeye_eye_in_hand_20260917.yaml
棋盘格原点估计（base）: [0.5227, -0.1143, -0.0107] m

slot shell   dist   tilt  azimuth   roll  target TCP x y z rx ry rz (deg)        cam_z     tcp_z  risk
1    A1      0.35   15.0      0.0  170.0   0.3012 -0.1949  0.2508    93.4   101.0    51.6    0.3283    0.2508      
25   A1      0.35   15.0      0.0  170.0   0.3012 -0.1949  0.2508    93.4   101.0    51.6    0.3283    0.2508      
2    A1      0.35   15.0     45.0  170.0   0.3081 -0.0164  0.2507   118.8    54.5    29.8    0.3281    0.2507      
3    A1      0.35   15.0     90.0  215.0   0.6592  0.0768  0.2516   123.2   -37.6   -30.4    0.3275    0.2516      
4    A1      0.35   15.0    135.0  165.0   0.5955  0.1099  0.2508   122.3   -40.4   -14.5    0.3268    0.2508      
5    A1      0.35   15.0    180.0  165.0   0.7317 -0.0090  0.2523   101.2   -87.1   -38.1    0.3265    0.2523      
6    A1      0.35   15.0    225.0  165.0   0.7440 -0.1893  0.2526    64.4  -127.0   -59.1    0.3267    0.2526      
7    A1      0.35   15.0    270.0  165.0   0.6251 -0.3256  0.2517    12.1  -155.3   -75.1    0.3273    0.2517      
8    A1      0.35   15.0    315.0  170.0   0.4225 -0.3260  0.2522    51.4   139.9    69.2    0.3280    0.2522      
9    A2      0.45   30.0      0.0  120.0   0.5603 -0.3910  0.2991   -65.0  -140.6   -80.6    0.3812    0.2991      
10   A2      0.45   30.0     45.0  105.0   0.3815 -0.3981  0.2604    95.8   110.0    88.1    0.3807    0.2604      
11   A2      0.45   30.0     90.0  105.0   0.2212 -0.2169  0.2586   117.8    58.2    68.9    0.3792    0.2586      
12   A2      0.45   30.0    135.0  105.0   0.2359  0.0246  0.2584   122.2     7.9    44.5    0.3776    0.2584      
13   A2      0.45   30.0    180.0  220.0   0.5737 -0.2634  0.3755    79.6  -145.0   -69.1    0.3768    0.3755      
26   A2      0.45   30.0    180.0  220.0   0.5737 -0.2634  0.3755    79.6  -145.0   -69.1    0.3768    0.3755      
14   A2      0.45   30.0    225.0  105.0   0.6586  0.1702  0.2623    88.7   -78.0   -10.6    0.3774    0.2623      
15   A2      0.45   30.0    270.0  100.0   0.8220  0.0107  0.2515    56.7  -104.6   -36.6    0.3789    0.2515      
16   A2      0.45   30.0    315.0  100.0   0.8217 -0.2392  0.2519    13.5  -126.1   -63.2    0.3805    0.2519      
17   A3      0.58   50.0      0.0  100.0   0.8232 -0.4314  0.2686   -49.3  -117.3   -73.9    0.3665    0.2686      
18   A3      0.58   50.0     45.0  100.0   0.5099 -0.5528  0.2657  -100.9   -99.9   -95.4    0.3654    0.2657      
19   A3      0.58   50.0     90.0  100.0   0.2025 -0.4171  0.2625   126.8    51.5    90.4    0.3624    0.2625      
20   A3      0.58   50.0    135.0  135.0   0.1952 -0.0748  0.3893   141.7   -30.6    37.9    0.3592    0.3893      
21   A3      0.58   50.0    180.0  185.0   0.3768 -0.0751  0.4853   113.5  -127.7   -21.7    0.3578    0.4853      
22   A3      0.58   50.0    225.0  100.0   0.5301  0.3250  0.2646    78.7   -80.4    11.4    0.3589    0.2646      
23   A3      0.58   50.0    270.0  100.0   0.8375  0.1893  0.2678    42.4  -105.0   -18.4    0.3619    0.2678      
24   A3      0.58   50.0    315.0   95.0   0.9708 -0.1127  0.2502     3.1  -114.0   -47.9    0.3650    0.2502      
实际使用的滚转集合（自由度用于抬高法兰）：[95.0, 100.0, 105.0, 120.0, 135.0, 165.0, 170.0, 185.0, 215.0, 220.0]
OUTPUT: /home/jx/UR10/outputs/handeye/pose-plan-wrist-20260918.json
