/usr/lib/python3/dist-packages/scipy/__init__.py:146: UserWarning: A NumPy version >=1.17.3 and <1.25.0 is required for this version of SciPy (detected version 1.26.4
  warnings.warn(f"A NumPy version >={np_minversion} and <{np_maxversion}"
IK 感知滚转选取已启用；种子 = live 30003 q_actual at 192.168.1.3
种子 q(rad): [0.0367, -1.717, -1.6169, -4.6305, 4.4074, -2.3955]
引导基准（仅导航，非测量）：参考样本 20260918-112826-092467 + config/handeye_eye_in_hand_20260917.yaml
棋盘格原点估计（base）: [0.5227, -0.1143, -0.0107] m

slot shell   dist   tilt  azimuth   roll  target TCP x y z rx ry rz (deg)        cam_z     tcp_z  risk
1    A1      0.35   15.0      0.0  170.0   0.3012 -0.1949  0.2508    93.4   101.0    51.6    0.3283    0.2508      
25   A1      0.35   15.0      0.0  170.0   0.3012 -0.1949  0.2508    93.4   101.0    51.6    0.3283    0.2508      
2    A1      0.35   15.0     22.5  210.0   0.3781  0.0711  0.2513   119.5    41.0    10.8    0.3282    0.2513      
3    A1      0.35   15.0     45.0  210.0   0.4597  0.1113  0.2521   125.0    16.8    -1.7    0.3281    0.2521      
4    A1      0.35   15.0     67.5  215.0   0.5756  0.1155  0.2507   126.0   -12.6   -18.1    0.3278    0.2507      
5    A1      0.35   15.0     90.0  215.0   0.6592  0.0768  0.2516   123.2   -37.6   -30.4    0.3275    0.2516      
6    A1      0.35   15.0    112.5  215.0   0.7216  0.0091  0.2523   116.4   -62.3   -42.3    0.3271    0.2523      
7    A1      0.35   15.0    135.0  215.0   0.7533 -0.0774  0.2527   105.4   -86.4   -53.4    0.3268    0.2527      
8    A1      0.35   15.0    157.5  215.0   0.7496 -0.1694  0.2528    90.0  -109.4   -63.6    0.3266    0.2528      
9    A2      0.45   30.0      0.0  100.0   0.6448 -0.4158  0.2504   -39.2  -133.9   -85.7    0.3812    0.2504      
10   A2      0.45   30.0     22.5  105.0   0.5008 -0.4294  0.2616   -75.5  -131.9   -92.6    0.3811    0.2616      
11   A2      0.45   30.0     45.0  280.0   0.8381 -0.0422  0.2524   110.2   -38.9   -68.0    0.3807    0.2524      
12   A2      0.45   30.0     67.5  280.0   0.8414 -0.1694  0.2527   105.6   -62.5   -81.5    0.3800    0.2527      
13   A2      0.45   30.0     90.0  120.0   0.2426 -0.1545  0.2957   126.9    46.2    55.8    0.3792    0.2957      
14   A2      0.45   30.0    112.5  280.0   0.7081 -0.3803  0.2517    83.8  -111.0  -104.3    0.3783    0.2517      
15   A2      0.45   30.0    135.0  105.0   0.2359  0.0246  0.2584   122.2     7.9    44.5    0.3776    0.2584      
16   A2      0.45   30.0    157.5  105.0   0.3106  0.1228  0.2590   118.7   -15.9    31.2    0.3770    0.2590      
26   A2      0.45   30.0    180.0  105.0   0.4171  0.1849  0.2599   111.9   -38.2    17.5    0.3768    0.2599      
17   A3      0.58   50.0      0.0  100.0   0.8232 -0.4314  0.2686   -49.3  -117.3   -73.9    0.3665    0.2686      
18   A3      0.58   50.0     22.5  100.0   0.6786 -0.5233  0.2673   -74.9  -110.9   -85.5    0.3663    0.2673      
19   A3      0.58   50.0     45.0  100.0   0.5099 -0.5528  0.2657  -100.9   -99.9   -95.4    0.3654    0.2657      
20   A3      0.58   50.0     67.5  140.0   0.3695 -0.3808  0.4069   150.9    55.5    53.4    0.3641    0.4069      
21   A3      0.58   50.0     90.0  135.0   0.2624 -0.3150  0.3903   151.2    27.7    53.6    0.3624    0.3903      
22   A3      0.58   50.0    112.5  130.0   0.1868 -0.2075  0.3731   146.4     1.5    51.5    0.3607    0.3731      
23   A3      0.58   50.0    135.0  135.0   0.1952 -0.0748  0.3893   141.7   -30.6    37.9    0.3592    0.3893      
24   A3      0.58   50.0    157.5  125.0   0.2007  0.0616  0.3556   127.2   -47.4    36.7    0.3582    0.3556      
实际使用的滚转集合（自由度用于抬高法兰）：[100.0, 105.0, 120.0, 125.0, 130.0, 135.0, 140.0, 170.0, 210.0, 215.0, 280.0]
OUTPUT: /home/jx/UR10/outputs/handeye/pose-plan-half-20260918.json
