[INFO] [launch]: All log files can be found below /home/jx/.ros/log/2026-09-18-13-25-00-791171-jx-System-Product-Name-33861
[INFO] [launch]: Default logging verbosity is set to INFO
[INFO] [robot_state_publisher-1]: process started with pid [33863]
[INFO] [python3-2]: process started with pid [33865]
[INFO] [rviz2-3]: process started with pid [33867]
[robot_state_publisher-1] [INFO] [1789709100.908998836] [robot_state_publisher]: got segment base
[robot_state_publisher-1] [INFO] [1789709100.909086401] [robot_state_publisher]: got segment base_link
[robot_state_publisher-1] [INFO] [1789709100.909095116] [robot_state_publisher]: got segment base_link_inertia
[robot_state_publisher-1] [INFO] [1789709100.909099638] [robot_state_publisher]: got segment camera_bracket
[robot_state_publisher-1] [INFO] [1789709100.909103673] [robot_state_publisher]: got segment camera_housing
[robot_state_publisher-1] [INFO] [1789709100.909107470] [robot_state_publisher]: got segment flange
[robot_state_publisher-1] [INFO] [1789709100.909111266] [robot_state_publisher]: got segment forearm_link
[robot_state_publisher-1] [INFO] [1789709100.909114998] [robot_state_publisher]: got segment ft_frame
[robot_state_publisher-1] [INFO] [1789709100.909118700] [robot_state_publisher]: got segment shoulder_link
[robot_state_publisher-1] [INFO] [1789709100.909122461] [robot_state_publisher]: got segment tool0
[robot_state_publisher-1] [INFO] [1789709100.909126225] [robot_state_publisher]: got segment upper_arm_link
[robot_state_publisher-1] [INFO] [1789709100.909130006] [robot_state_publisher]: got segment world
[robot_state_publisher-1] [INFO] [1789709100.909133796] [robot_state_publisher]: got segment wrist_1_link
[robot_state_publisher-1] [INFO] [1789709100.909137537] [robot_state_publisher]: got segment wrist_2_link
[robot_state_publisher-1] [INFO] [1789709100.909141362] [robot_state_publisher]: got segment wrist_3_link
[python3-2] [INFO] [1789709101.220182929] [ur10_joint_state_relay]: publishing /joint_states from 192.168.1.3:30003 at 50 Hz
[rviz2-3] Unable to create glx context
[rviz2-3] [ERROR] [1789709101.626047403] [rviz2]: Failed to create an OpenGL context. BadValue (integer parameter out of range for operation)
[rviz2-3] [ERROR] [1789709101.626140959] [rviz2]: RenderingAPIException: Unable to create a suitable GLXContext in GLXContext::GLXContext at ./.obj-x86_64-linux-gnu/ogre-v1.12.1-prefix/src/ogre-v1.12.1/RenderSystems/GLSupport/src/GLX/OgreGLXContext.cpp (line 60)
[rviz2-3] [ERROR] [1789709101.626757169] [rviz2]: rviz::RenderSystem: error creating render window: RenderingAPIException: Unable to create a suitable GLXContext in GLXContext::GLXContext at ./.obj-x86_64-linux-gnu/ogre-v1.12.1-prefix/src/ogre-v1.12.1/RenderSystems/GLSupport/src/GLX/OgreGLXContext.cpp (line 60)
[rviz2-3] [ERROR] [1789709101.683993630] [rviz2]: Failed to create an OpenGL context. BadValue (integer parameter out of range for operation)
[rviz2-3] [ERROR] [1789709101.684025997] [rviz2]: RenderingAPIException: Unable to create a suitable GLXContext in GLXContext::GLXContext at ./.obj-x86_64-linux-gnu/ogre-v1.12.1-prefix/src/ogre-v1.12.1/RenderSystems/GLSupport/src/GLX/OgreGLXContext.cpp (line 60)
[rviz2-3] [ERROR] [1789709101.684050201] [rviz2]: rviz::RenderSystem: error creating render window: RenderingAPIException: Unable to create a suitable GLXContext in GLXContext::GLXContext at ./.obj-x86_64-linux-gnu/ogre-v1.12.1-prefix/src/ogre-v1.12.1/RenderSystems/GLSupport/src/GLX/OgreGLXContext.cpp (line 60)
[rviz2-3] [ERROR] [1789709101.741247953] [rviz2]: Failed to create an OpenGL context. BadValue (integer parameter out of range for operation)
[rviz2-3] [ERROR] [1789709101.741288903] [rviz2]: RenderingAPIException: Unable to create a suitable GLXContext in GLXContext::GLXContext at ./.obj-x86_64-linux-gnu/ogre-v1.12.1-prefix/src/ogre-v1.12.1/RenderSystems/GLSupport/src/GLX/OgreGLXContext.cpp (line 60)
[rviz2-3] [ERROR] [1789709101.741325659] [rviz2]: rviz::RenderSystem: error creating render window: RenderingAPIException: Unable to create a suitable GLXContext in GLXContext::GLXContext at ./.obj-x86_64-linux-gnu/ogre-v1.12.1-prefix/src/ogre-v1.12.1/RenderSystems/GLSupport/src/GLX/OgreGLXContext.cpp (line 60)
[rviz2-3] [ERROR] [1789709101.801588448] [rviz2]: Failed to create an OpenGL context. BadValue (integer parameter out of range for operation)
[rviz2-3] [ERROR] [1789709101.801630570] [rviz2]: RenderingAPIException: Unable to create a suitable GLXContext in GLXContext::GLXContext at ./.obj-x86_64-linux-gnu/ogre-v1.12.1-prefix/src/ogre-v1.12.1/RenderSystems/GLSupport/src/GLX/OgreGLXContext.cpp (line 60)
[rviz2-3] [ERROR] [1789709101.801662285] [rviz2]: rviz::RenderSystem: error creating render window: RenderingAPIException: Unable to create a suitable GLXContext in GLXContext::GLXContext at ./.obj-x86_64-linux-gnu/ogre-v1.12.1-prefix/src/ogre-v1.12.1/RenderSystems/GLSupport/src/GLX/OgreGLXContext.cpp (line 60)
[rviz2-3] [ERROR] [1789709101.863558791] [rviz2]: Failed to create an OpenGL context. BadValue (integer parameter out of range for operation)
[rviz2-3] [ERROR] [1789709101.863599488] [rviz2]: RenderingAPIException: Unable to create a suitable GLXContext in GLXContext::GLXContext at ./.obj-x86_64-linux-gnu/ogre-v1.12.1-prefix/src/ogre-v1.12.1/RenderSystems/GLSupport/src/GLX/OgreGLXContext.cpp (line 60)
[rviz2-3] [ERROR] [1789709101.863633410] [rviz2]: rviz::RenderSystem: error creating render window: RenderingAPIException: Unable to create a suitable GLXContext in GLXContext::GLXContext at ./.obj-x86_64-linux-gnu/ogre-v1.12.1-prefix/src/ogre-v1.12.1/RenderSystems/GLSupport/src/GLX/OgreGLXContext.cpp (line 60)
[rviz2-3] [ERROR] [1789709101.929921968] [rviz2]: Failed to create an OpenGL context. BadValue (integer parameter out of range for operation)
[rviz2-3] [ERROR] [1789709101.929961656] [rviz2]: RenderingAPIException: Unable to create a suitable GLXContext in GLXContext::GLXContext at ./.obj-x86_64-linux-gnu/ogre-v1.12.1-prefix/src/ogre-v1.12.1/RenderSystems/GLSupport/src/GLX/OgreGLXContext.cpp (line 60)
[rviz2-3] [ERROR] [1789709101.929998503] [rviz2]: rviz::RenderSystem: error creating render window: RenderingAPIException: Unable to create a suitable GLXContext in GLXContext::GLXContext at ./.obj-x86_64-linux-gnu/ogre-v1.12.1-prefix/src/ogre-v1.12.1/RenderSystems/GLSupport/src/GLX/OgreGLXContext.cpp (line 60)
[rviz2-3] [ERROR] [1789709101.998440643] [rviz2]: Failed to create an OpenGL context. BadValue (integer parameter out of range for operation)
[rviz2-3] [ERROR] [1789709101.998475390] [rviz2]: RenderingAPIException: Unable to create a suitable GLXContext in GLXContext::GLXContext at ./.obj-x86_64-linux-gnu/ogre-v1.12.1-prefix/src/ogre-v1.12.1/RenderSystems/GLSupport/src/GLX/OgreGLXContext.cpp (line 60)
[rviz2-3] [ERROR] [1789709101.998500761] [rviz2]: rviz::RenderSystem: error creating render window: RenderingAPIException: Unable to create a suitable GLXContext in GLXContext::GLXContext at ./.obj-x86_64-linux-gnu/ogre-v1.12.1-prefix/src/ogre-v1.12.1/RenderSystems/GLSupport/src/GLX/OgreGLXContext.cpp (line 60)
[rviz2-3] [ERROR] [1789709102.070837574] [rviz2]: Failed to create an OpenGL context. BadValue (integer parameter out of range for operation)
[rviz2-3] [ERROR] [1789709102.070874117] [rviz2]: RenderingAPIException: Unable to create a suitable GLXContext in GLXContext::GLXContext at ./.obj-x86_64-linux-gnu/ogre-v1.12.1-prefix/src/ogre-v1.12.1/RenderSystems/GLSupport/src/GLX/OgreGLXContext.cpp (line 60)
[rviz2-3] [ERROR] [1789709102.070898935] [rviz2]: rviz::RenderSystem: error creating render window: RenderingAPIException: Unable to create a suitable GLXContext in GLXContext::GLXContext at ./.obj-x86_64-linux-gnu/ogre-v1.12.1-prefix/src/ogre-v1.12.1/RenderSystems/GLSupport/src/GLX/OgreGLXContext.cpp (line 60)
[rviz2-3] [ERROR] [1789709102.145592891] [rviz2]: Failed to create an OpenGL context. BadValue (integer parameter out of range for operation)
[rviz2-3] [ERROR] [1789709102.145628435] [rviz2]: RenderingAPIException: Unable to create a suitable GLXContext in GLXContext::GLXContext at ./.obj-x86_64-linux-gnu/ogre-v1.12.1-prefix/src/ogre-v1.12.1/RenderSystems/GLSupport/src/GLX/OgreGLXContext.cpp (line 60)
[rviz2-3] [ERROR] [1789709102.145667740] [rviz2]: rviz::RenderSystem: error creating render window: RenderingAPIException: Unable to create a suitable GLXContext in GLXContext::GLXContext at ./.obj-x86_64-linux-gnu/ogre-v1.12.1-prefix/src/ogre-v1.12.1/RenderSystems/GLSupport/src/GLX/OgreGLXContext.cpp (line 60)
[rviz2-3] [ERROR] [1789709102.225562455] [rviz2]: Failed to create an OpenGL context. BadValue (integer parameter out of range for operation)
[rviz2-3] [ERROR] [1789709102.225600301] [rviz2]: RenderingAPIException: Unable to create a suitable GLXContext in GLXContext::GLXContext at ./.obj-x86_64-linux-gnu/ogre-v1.12.1-prefix/src/ogre-v1.12.1/RenderSystems/GLSupport/src/GLX/OgreGLXContext.cpp (line 60)
[rviz2-3] [ERROR] [1789709102.225636412] [rviz2]: rviz::RenderSystem: error creating render window: RenderingAPIException: Unable to create a suitable GLXContext in GLXContext::GLXContext at ./.obj-x86_64-linux-gnu/ogre-v1.12.1-prefix/src/ogre-v1.12.1/RenderSystems/GLSupport/src/GLX/OgreGLXContext.cpp (line 60)
[rviz2-3] [ERROR] [1789709102.314488102] [rviz2]: Failed to create an OpenGL context. BadValue (integer parameter out of range for operation)
[rviz2-3] [ERROR] [1789709102.314521901] [rviz2]: RenderingAPIException: Unable to create a suitable GLXContext in GLXContext::GLXContext at ./.obj-x86_64-linux-gnu/ogre-v1.12.1-prefix/src/ogre-v1.12.1/RenderSystems/GLSupport/src/GLX/OgreGLXContext.cpp (line 60)
[rviz2-3] [ERROR] [1789709102.314547667] [rviz2]: rviz::RenderSystem: error creating render window: RenderingAPIException: Unable to create a suitable GLXContext in GLXContext::GLXContext at ./.obj-x86_64-linux-gnu/ogre-v1.12.1-prefix/src/ogre-v1.12.1/RenderSystems/GLSupport/src/GLX/OgreGLXContext.cpp (line 60)
[rviz2-3] [ERROR] [1789709102.403019524] [rviz2]: Failed to create an OpenGL context. BadValue (integer parameter out of range for operation)
[rviz2-3] [ERROR] [1789709102.403053679] [rviz2]: RenderingAPIException: Unable to create a suitable GLXContext in GLXContext::GLXContext at ./.obj-x86_64-linux-gnu/ogre-v1.12.1-prefix/src/ogre-v1.12.1/RenderSystems/GLSupport/src/GLX/OgreGLXContext.cpp (line 60)
[rviz2-3] [ERROR] [1789709102.403079059] [rviz2]: rviz::RenderSystem: error creating render window: RenderingAPIException: Unable to create a suitable GLXContext in GLXContext::GLXContext at ./.obj-x86_64-linux-gnu/ogre-v1.12.1-prefix/src/ogre-v1.12.1/RenderSystems/GLSupport/src/GLX/OgreGLXContext.cpp (line 60)
[rviz2-3] [ERROR] [1789709102.495895002] [rviz2]: Failed to create an OpenGL context. BadValue (integer parameter out of range for operation)
[rviz2-3] [ERROR] [1789709102.495930159] [rviz2]: RenderingAPIException: Unable to create a suitable GLXContext in GLXContext::GLXContext at ./.obj-x86_64-linux-gnu/ogre-v1.12.1-prefix/src/ogre-v1.12.1/RenderSystems/GLSupport/src/GLX/OgreGLXContext.cpp (line 60)
[rviz2-3] [ERROR] [1789709102.495956768] [rviz2]: rviz::RenderSystem: error creating render window: RenderingAPIException: Unable to create a suitable GLXContext in GLXContext::GLXContext at ./.obj-x86_64-linux-gnu/ogre-v1.12.1-prefix/src/ogre-v1.12.1/RenderSystems/GLSupport/src/GLX/OgreGLXContext.cpp (line 60)
[rviz2-3] [ERROR] [1789709102.596084299] [rviz2]: Failed to create an OpenGL context. BadValue (integer parameter out of range for operation)
[rviz2-3] [ERROR] [1789709102.596120519] [rviz2]: RenderingAPIException: Unable to create a suitable GLXContext in GLXContext::GLXContext at ./.obj-x86_64-linux-gnu/ogre-v1.12.1-prefix/src/ogre-v1.12.1/RenderSystems/GLSupport/src/GLX/OgreGLXContext.cpp (line 60)
[rviz2-3] [ERROR] [1789709102.596147642] [rviz2]: rviz::RenderSystem: error creating render window: RenderingAPIException: Unable to create a suitable GLXContext in GLXContext::GLXContext at ./.obj-x86_64-linux-gnu/ogre-v1.12.1-prefix/src/ogre-v1.12.1/RenderSystems/GLSupport/src/GLX/OgreGLXContext.cpp (line 60)
[rviz2-3] [ERROR] [1789709102.701534325] [rviz2]: Failed to create an OpenGL context. BadValue (integer parameter out of range for operation)
[rviz2-3] [ERROR] [1789709102.701568671] [rviz2]: RenderingAPIException: Unable to create a suitable GLXContext in GLXContext::GLXContext at ./.obj-x86_64-linux-gnu/ogre-v1.12.1-prefix/src/ogre-v1.12.1/RenderSystems/GLSupport/src/GLX/OgreGLXContext.cpp (line 60)
[rviz2-3] [ERROR] [1789709102.701594434] [rviz2]: rviz::RenderSystem: error creating render window: RenderingAPIException: Unable to create a suitable GLXContext in GLXContext::GLXContext at ./.obj-x86_64-linux-gnu/ogre-v1.12.1-prefix/src/ogre-v1.12.1/RenderSystems/GLSupport/src/GLX/OgreGLXContext.cpp (line 60)
[rviz2-3] [ERROR] [1789709102.814538445] [rviz2]: Failed to create an OpenGL context. BadValue (integer parameter out of range for operation)
[rviz2-3] [ERROR] [1789709102.814573903] [rviz2]: RenderingAPIException: Unable to create a suitable GLXContext in GLXContext::GLXContext at ./.obj-x86_64-linux-gnu/ogre-v1.12.1-prefix/src/ogre-v1.12.1/RenderSystems/GLSupport/src/GLX/OgreGLXContext.cpp (line 60)
[rviz2-3] [ERROR] [1789709102.814599172] [rviz2]: rviz::RenderSystem: error creating render window: RenderingAPIException: Unable to create a suitable GLXContext in GLXContext::GLXContext at ./.obj-x86_64-linux-gnu/ogre-v1.12.1-prefix/src/ogre-v1.12.1/RenderSystems/GLSupport/src/GLX/OgreGLXContext.cpp (line 60)
[rviz2-3] [ERROR] [1789709102.939280763] [rviz2]: Failed to create an OpenGL context. BadValue (integer parameter out of range for operation)
[rviz2-3] [ERROR] [1789709102.939326910] [rviz2]: RenderingAPIException: Unable to create a suitable GLXContext in GLXContext::GLXContext at ./.obj-x86_64-linux-gnu/ogre-v1.12.1-prefix/src/ogre-v1.12.1/RenderSystems/GLSupport/src/GLX/OgreGLXContext.cpp (line 60)
[rviz2-3] [ERROR] [1789709102.939369203] [rviz2]: rviz::RenderSystem: error creating render window: RenderingAPIException: Unable to create a suitable GLXContext in GLXContext::GLXContext at ./.obj-x86_64-linux-gnu/ogre-v1.12.1-prefix/src/ogre-v1.12.1/RenderSystems/GLSupport/src/GLX/OgreGLXContext.cpp (line 60)
[rviz2-3] [ERROR] [1789709103.073090986] [rviz2]: Failed to create an OpenGL context. BadValue (integer parameter out of range for operation)
[rviz2-3] [ERROR] [1789709103.073147403] [rviz2]: RenderingAPIException: Unable to create a suitable GLXContext in GLXContext::GLXContext at ./.obj-x86_64-linux-gnu/ogre-v1.12.1-prefix/src/ogre-v1.12.1/RenderSystems/GLSupport/src/GLX/OgreGLXContext.cpp (line 60)
[rviz2-3] [ERROR] [1789709103.073190052] [rviz2]: rviz::RenderSystem: error creating render window: RenderingAPIException: Unable to create a suitable GLXContext in GLXContext::GLXContext at ./.obj-x86_64-linux-gnu/ogre-v1.12.1-prefix/src/ogre-v1.12.1/RenderSystems/GLSupport/src/GLX/OgreGLXContext.cpp (line 60)
[rviz2-3] [ERROR] [1789709103.227467352] [rviz2]: Failed to create an OpenGL context. BadValue (integer parameter out of range for operation)
[rviz2-3] [ERROR] [1789709103.227513794] [rviz2]: RenderingAPIException: Unable to create a suitable GLXContext in GLXContext::GLXContext at ./.obj-x86_64-linux-gnu/ogre-v1.12.1-prefix/src/ogre-v1.12.1/RenderSystems/GLSupport/src/GLX/OgreGLXContext.cpp (line 60)
[rviz2-3] [ERROR] [1789709103.227550731] [rviz2]: rviz::RenderSystem: error creating render window: RenderingAPIException: Unable to create a suitable GLXContext in GLXContext::GLXContext at ./.obj-x86_64-linux-gnu/ogre-v1.12.1-prefix/src/ogre-v1.12.1/RenderSystems/GLSupport/src/GLX/OgreGLXContext.cpp (line 60)
[rviz2-3] [ERROR] [1789709103.400499145] [rviz2]: Failed to create an OpenGL context. BadValue (integer parameter out of range for operation)
[rviz2-3] [ERROR] [1789709103.400550018] [rviz2]: RenderingAPIException: Unable to create a suitable GLXContext in GLXContext::GLXContext at ./.obj-x86_64-linux-gnu/ogre-v1.12.1-prefix/src/ogre-v1.12.1/RenderSystems/GLSupport/src/GLX/OgreGLXContext.cpp (line 60)
[rviz2-3] [ERROR] [1789709103.400592391] [rviz2]: rviz::RenderSystem: error creating render window: RenderingAPIException: Unable to create a suitable GLXContext in GLXContext::GLXContext at ./.obj-x86_64-linux-gnu/ogre-v1.12.1-prefix/src/ogre-v1.12.1/RenderSystems/GLSupport/src/GLX/OgreGLXContext.cpp (line 60)
[rviz2-3] [ERROR] [1789709103.571561950] [rviz2]: Failed to create an OpenGL context. BadValue (integer parameter out of range for operation)
[rviz2-3] [ERROR] [1789709103.571618288] [rviz2]: RenderingAPIException: Unable to create a suitable GLXContext in GLXContext::GLXContext at ./.obj-x86_64-linux-gnu/ogre-v1.12.1-prefix/src/ogre-v1.12.1/RenderSystems/GLSupport/src/GLX/OgreGLXContext.cpp (line 60)
[rviz2-3] [ERROR] [1789709103.571665320] [rviz2]: rviz::RenderSystem: error creating render window: RenderingAPIException: Unable to create a suitable GLXContext in GLXContext::GLXContext at ./.obj-x86_64-linux-gnu/ogre-v1.12.1-prefix/src/ogre-v1.12.1/RenderSystems/GLSupport/src/GLX/OgreGLXContext.cpp (line 60)
[rviz2-3] [ERROR] [1789709103.748346804] [rviz2]: Failed to create an OpenGL context. BadValue (integer parameter out of range for operation)
[rviz2-3] [ERROR] [1789709103.748381942] [rviz2]: RenderingAPIException: Unable to create a suitable GLXContext in GLXContext::GLXContext at ./.obj-x86_64-linux-gnu/ogre-v1.12.1-prefix/src/ogre-v1.12.1/RenderSystems/GLSupport/src/GLX/OgreGLXContext.cpp (line 60)
[rviz2-3] [ERROR] [1789709103.748408298] [rviz2]: rviz::RenderSystem: error creating render window: RenderingAPIException: Unable to create a suitable GLXContext in GLXContext::GLXContext at ./.obj-x86_64-linux-gnu/ogre-v1.12.1-prefix/src/ogre-v1.12.1/RenderSystems/GLSupport/src/GLX/OgreGLXContext.cpp (line 60)
[rviz2-3] [ERROR] [1789709103.922960263] [rviz2]: Failed to create an OpenGL context. BadValue (integer parameter out of range for operation)
[rviz2-3] [ERROR] [1789709103.922999151] [rviz2]: RenderingAPIException: Unable to create a suitable GLXContext in GLXContext::GLXContext at ./.obj-x86_64-linux-gnu/ogre-v1.12.1-prefix/src/ogre-v1.12.1/RenderSystems/GLSupport/src/GLX/OgreGLXContext.cpp (line 60)
[rviz2-3] [ERROR] [1789709103.923026147] [rviz2]: rviz::RenderSystem: error creating render window: RenderingAPIException: Unable to create a suitable GLXContext in GLXContext::GLXContext at ./.obj-x86_64-linux-gnu/ogre-v1.12.1-prefix/src/ogre-v1.12.1/RenderSystems/GLSupport/src/GLX/OgreGLXContext.cpp (line 60)
[rviz2-3] [ERROR] [1789709104.107791502] [rviz2]: Failed to create an OpenGL context. BadValue (integer parameter out of range for operation)
[rviz2-3] [ERROR] [1789709104.107827902] [rviz2]: RenderingAPIException: Unable to create a suitable GLXContext in GLXContext::GLXContext at ./.obj-x86_64-linux-gnu/ogre-v1.12.1-prefix/src/ogre-v1.12.1/RenderSystems/GLSupport/src/GLX/OgreGLXContext.cpp (line 60)
[rviz2-3] [ERROR] [1789709104.107853656] [rviz2]: rviz::RenderSystem: error creating render window: RenderingAPIException: Unable to create a suitable GLXContext in GLXContext::GLXContext at ./.obj-x86_64-linux-gnu/ogre-v1.12.1-prefix/src/ogre-v1.12.1/RenderSystems/GLSupport/src/GLX/OgreGLXContext.cpp (line 60)
[rviz2-3] [ERROR] [1789709104.307873368] [rviz2]: Failed to create an OpenGL context. BadValue (integer parameter out of range for operation)
[rviz2-3] [ERROR] [1789709104.307909074] [rviz2]: RenderingAPIException: Unable to create a suitable GLXContext in GLXContext::GLXContext at ./.obj-x86_64-linux-gnu/ogre-v1.12.1-prefix/src/ogre-v1.12.1/RenderSystems/GLSupport/src/GLX/OgreGLXContext.cpp (line 60)
[rviz2-3] [ERROR] [1789709104.307945203] [rviz2]: rviz::RenderSystem: error creating render window: RenderingAPIException: Unable to create a suitable GLXContext in GLXContext::GLXContext at ./.obj-x86_64-linux-gnu/ogre-v1.12.1-prefix/src/ogre-v1.12.1/RenderSystems/GLSupport/src/GLX/OgreGLXContext.cpp (line 60)
[rviz2-3] [ERROR] [1789709104.525253572] [rviz2]: Failed to create an OpenGL context. BadValue (integer parameter out of range for operation)
[rviz2-3] [ERROR] [1789709104.525290147] [rviz2]: RenderingAPIException: Unable to create a suitable GLXContext in GLXContext::GLXContext at ./.obj-x86_64-linux-gnu/ogre-v1.12.1-prefix/src/ogre-v1.12.1/RenderSystems/GLSupport/src/GLX/OgreGLXContext.cpp (line 60)
[rviz2-3] [ERROR] [1789709104.525316062] [rviz2]: rviz::RenderSystem: error creating render window: RenderingAPIException: Unable to create a suitable GLXContext in GLXContext::GLXContext at ./.obj-x86_64-linux-gnu/ogre-v1.12.1-prefix/src/ogre-v1.12.1/RenderSystems/GLSupport/src/GLX/OgreGLXContext.cpp (line 60)
[rviz2-3] [ERROR] [1789709104.750550707] [rviz2]: Failed to create an OpenGL context. BadValue (integer parameter out of range for operation)
[rviz2-3] [ERROR] [1789709104.750589551] [rviz2]: RenderingAPIException: Unable to create a suitable GLXContext in GLXContext::GLXContext at ./.obj-x86_64-linux-gnu/ogre-v1.12.1-prefix/src/ogre-v1.12.1/RenderSystems/GLSupport/src/GLX/OgreGLXContext.cpp (line 60)
[rviz2-3] [ERROR] [1789709104.750616735] [rviz2]: rviz::RenderSystem: error creating render window: RenderingAPIException: Unable to create a suitable GLXContext in GLXContext::GLXContext at ./.obj-x86_64-linux-gnu/ogre-v1.12.1-prefix/src/ogre-v1.12.1/RenderSystems/GLSupport/src/GLX/OgreGLXContext.cpp (line 60)
[rviz2-3] [ERROR] [1789709104.990264978] [rviz2]: Failed to create an OpenGL context. BadValue (integer parameter out of range for operation)
[rviz2-3] [ERROR] [1789709104.990302740] [rviz2]: RenderingAPIException: Unable to create a suitable GLXContext in GLXContext::GLXContext at ./.obj-x86_64-linux-gnu/ogre-v1.12.1-prefix/src/ogre-v1.12.1/RenderSystems/GLSupport/src/GLX/OgreGLXContext.cpp (line 60)
[rviz2-3] [ERROR] [1789709104.990340172] [rviz2]: rviz::RenderSystem: error creating render window: RenderingAPIException: Unable to create a suitable GLXContext in GLXContext::GLXContext at ./.obj-x86_64-linux-gnu/ogre-v1.12.1-prefix/src/ogre-v1.12.1/RenderSystems/GLSupport/src/GLX/OgreGLXContext.cpp (line 60)
[rviz2-3] [ERROR] [1789709105.262246710] [rviz2]: Failed to create an OpenGL context. BadValue (integer parameter out of range for operation)
[rviz2-3] [ERROR] [1789709105.262286173] [rviz2]: RenderingAPIException: Unable to create a suitable GLXContext in GLXContext::GLXContext at ./.obj-x86_64-linux-gnu/ogre-v1.12.1-prefix/src/ogre-v1.12.1/RenderSystems/GLSupport/src/GLX/OgreGLXContext.cpp (line 60)
[rviz2-3] [ERROR] [1789709105.262323743] [rviz2]: rviz::RenderSystem: error creating render window: RenderingAPIException: Unable to create a suitable GLXContext in GLXContext::GLXContext at ./.obj-x86_64-linux-gnu/ogre-v1.12.1-prefix/src/ogre-v1.12.1/RenderSystems/GLSupport/src/GLX/OgreGLXContext.cpp (line 60)
[rviz2-3] [ERROR] [1789709105.537477074] [rviz2]: Failed to create an OpenGL context. BadValue (integer parameter out of range for operation)
[rviz2-3] [ERROR] [1789709105.537524074] [rviz2]: RenderingAPIException: Unable to create a suitable GLXContext in GLXContext::GLXContext at ./.obj-x86_64-linux-gnu/ogre-v1.12.1-prefix/src/ogre-v1.12.1/RenderSystems/GLSupport/src/GLX/OgreGLXContext.cpp (line 60)
[rviz2-3] [ERROR] [1789709105.537569104] [rviz2]: rviz::RenderSystem: error creating render window: RenderingAPIException: Unable to create a suitable GLXContext in GLXContext::GLXContext at ./.obj-x86_64-linux-gnu/ogre-v1.12.1-prefix/src/ogre-v1.12.1/RenderSystems/GLSupport/src/GLX/OgreGLXContext.cpp (line 60)
[rviz2-3] [ERROR] [1789709105.813222744] [rviz2]: Failed to create an OpenGL context. BadValue (integer parameter out of range for operation)
[rviz2-3] [ERROR] [1789709105.813266873] [rviz2]: RenderingAPIException: Unable to create a suitable GLXContext in GLXContext::GLXContext at ./.obj-x86_64-linux-gnu/ogre-v1.12.1-prefix/src/ogre-v1.12.1/RenderSystems/GLSupport/src/GLX/OgreGLXContext.cpp (line 60)
[rviz2-3] [ERROR] [1789709105.813295868] [rviz2]: rviz::RenderSystem: error creating render window: RenderingAPIException: Unable to create a suitable GLXContext in GLXContext::GLXContext at ./.obj-x86_64-linux-gnu/ogre-v1.12.1-prefix/src/ogre-v1.12.1/RenderSystems/GLSupport/src/GLX/OgreGLXContext.cpp (line 60)
[rviz2-3] [ERROR] [1789709106.110106395] [rviz2]: Failed to create an OpenGL context. BadValue (integer parameter out of range for operation)
[rviz2-3] [ERROR] [1789709106.110147216] [rviz2]: RenderingAPIException: Unable to create a suitable GLXContext in GLXContext::GLXContext at ./.obj-x86_64-linux-gnu/ogre-v1.12.1-prefix/src/ogre-v1.12.1/RenderSystems/GLSupport/src/GLX/OgreGLXContext.cpp (line 60)
[rviz2-3] [ERROR] [1789709106.110174777] [rviz2]: rviz::RenderSystem: error creating render window: RenderingAPIException: Unable to create a suitable GLXContext in GLXContext::GLXContext at ./.obj-x86_64-linux-gnu/ogre-v1.12.1-prefix/src/ogre-v1.12.1/RenderSystems/GLSupport/src/GLX/OgreGLXContext.cpp (line 60)
[rviz2-3] [ERROR] [1789709106.447088459] [rviz2]: Failed to create an OpenGL context. BadValue (integer parameter out of range for operation)
[rviz2-3] [ERROR] [1789709106.447126385] [rviz2]: RenderingAPIException: Unable to create a suitable GLXContext in GLXContext::GLXContext at ./.obj-x86_64-linux-gnu/ogre-v1.12.1-prefix/src/ogre-v1.12.1/RenderSystems/GLSupport/src/GLX/OgreGLXContext.cpp (line 60)
[rviz2-3] [ERROR] [1789709106.447153299] [rviz2]: rviz::RenderSystem: error creating render window: RenderingAPIException: Unable to create a suitable GLXContext in GLXContext::GLXContext at ./.obj-x86_64-linux-gnu/ogre-v1.12.1-prefix/src/ogre-v1.12.1/RenderSystems/GLSupport/src/GLX/OgreGLXContext.cpp (line 60)
[rviz2-3] [ERROR] [1789709106.799913096] [rviz2]: Failed to create an OpenGL context. BadValue (integer parameter out of range for operation)
[rviz2-3] [ERROR] [1789709106.799958627] [rviz2]: RenderingAPIException: Unable to create a suitable GLXContext in GLXContext::GLXContext at ./.obj-x86_64-linux-gnu/ogre-v1.12.1-prefix/src/ogre-v1.12.1/RenderSystems/GLSupport/src/GLX/OgreGLXContext.cpp (line 60)
[rviz2-3] [ERROR] [1789709106.799995366] [rviz2]: rviz::RenderSystem: error creating render window: RenderingAPIException: Unable to create a suitable GLXContext in GLXContext::GLXContext at ./.obj-x86_64-linux-gnu/ogre-v1.12.1-prefix/src/ogre-v1.12.1/RenderSystems/GLSupport/src/GLX/OgreGLXContext.cpp (line 60)
[rviz2-3] [ERROR] [1789709107.141436004] [rviz2]: Failed to create an OpenGL context. BadValue (integer parameter out of range for operation)
[rviz2-3] [ERROR] [1789709107.141483028] [rviz2]: RenderingAPIException: Unable to create a suitable GLXContext in GLXContext::GLXContext at ./.obj-x86_64-linux-gnu/ogre-v1.12.1-prefix/src/ogre-v1.12.1/RenderSystems/GLSupport/src/GLX/OgreGLXContext.cpp (line 60)
[rviz2-3] [ERROR] [1789709107.141519555] [rviz2]: rviz::RenderSystem: error creating render window: RenderingAPIException: Unable to create a suitable GLXContext in GLXContext::GLXContext at ./.obj-x86_64-linux-gnu/ogre-v1.12.1-prefix/src/ogre-v1.12.1/RenderSystems/GLSupport/src/GLX/OgreGLXContext.cpp (line 60)
[rviz2-3] [ERROR] [1789709107.508609821] [rviz2]: Failed to create an OpenGL context. BadValue (integer parameter out of range for operation)
[rviz2-3] [ERROR] [1789709107.508645475] [rviz2]: RenderingAPIException: Unable to create a suitable GLXContext in GLXContext::GLXContext at ./.obj-x86_64-linux-gnu/ogre-v1.12.1-prefix/src/ogre-v1.12.1/RenderSystems/GLSupport/src/GLX/OgreGLXContext.cpp (line 60)
[rviz2-3] [ERROR] [1789709107.508680977] [rviz2]: rviz::RenderSystem: error creating render window: RenderingAPIException: Unable to create a suitable GLXContext in GLXContext::GLXContext at ./.obj-x86_64-linux-gnu/ogre-v1.12.1-prefix/src/ogre-v1.12.1/RenderSystems/GLSupport/src/GLX/OgreGLXContext.cpp (line 60)
[rviz2-3] [ERROR] [1789709107.884232309] [rviz2]: Failed to create an OpenGL context. BadValue (integer parameter out of range for operation)
[rviz2-3] [ERROR] [1789709107.884271267] [rviz2]: RenderingAPIException: Unable to create a suitable GLXContext in GLXContext::GLXContext at ./.obj-x86_64-linux-gnu/ogre-v1.12.1-prefix/src/ogre-v1.12.1/RenderSystems/GLSupport/src/GLX/OgreGLXContext.cpp (line 60)
[rviz2-3] [ERROR] [1789709107.884298231] [rviz2]: rviz::RenderSystem: error creating render window: RenderingAPIException: Unable to create a suitable GLXContext in GLXContext::GLXContext at ./.obj-x86_64-linux-gnu/ogre-v1.12.1-prefix/src/ogre-v1.12.1/RenderSystems/GLSupport/src/GLX/OgreGLXContext.cpp (line 60)
[python3-2] UR 30003 暂无状态，正在自动重连：timed out
[rviz2-3] [ERROR] [1789709108.281614692] [rviz2]: Failed to create an OpenGL context. BadValue (integer parameter out of range for operation)
[rviz2-3] [ERROR] [1789709108.281661994] [rviz2]: RenderingAPIException: Unable to create a suitable GLXContext in GLXContext::GLXContext at ./.obj-x86_64-linux-gnu/ogre-v1.12.1-prefix/src/ogre-v1.12.1/RenderSystems/GLSupport/src/GLX/OgreGLXContext.cpp (line 60)
[rviz2-3] [ERROR] [1789709108.281701173] [rviz2]: rviz::RenderSystem: error creating render window: RenderingAPIException: Unable to create a suitable GLXContext in GLXContext::GLXContext at ./.obj-x86_64-linux-gnu/ogre-v1.12.1-prefix/src/ogre-v1.12.1/RenderSystems/GLSupport/src/GLX/OgreGLXContext.cpp (line 60)
[rviz2-3] [ERROR] [1789709108.690123292] [rviz2]: Failed to create an OpenGL context. BadValue (integer parameter out of range for operation)
[rviz2-3] [ERROR] [1789709108.690159204] [rviz2]: RenderingAPIException: Unable to create a suitable GLXContext in GLXContext::GLXContext at ./.obj-x86_64-linux-gnu/ogre-v1.12.1-prefix/src/ogre-v1.12.1/RenderSystems/GLSupport/src/GLX/OgreGLXContext.cpp (line 60)
[rviz2-3] [ERROR] [1789709108.690184674] [rviz2]: rviz::RenderSystem: error creating render window: RenderingAPIException: Unable to create a suitable GLXContext in GLXContext::GLXContext at ./.obj-x86_64-linux-gnu/ogre-v1.12.1-prefix/src/ogre-v1.12.1/RenderSystems/GLSupport/src/GLX/OgreGLXContext.cpp (line 60)
[rviz2-3] [ERROR] [1789709109.129817226] [rviz2]: Failed to create an OpenGL context. BadValue (integer parameter out of range for operation)
[rviz2-3] [ERROR] [1789709109.129854694] [rviz2]: RenderingAPIException: Unable to create a suitable GLXContext in GLXContext::GLXContext at ./.obj-x86_64-linux-gnu/ogre-v1.12.1-prefix/src/ogre-v1.12.1/RenderSystems/GLSupport/src/GLX/OgreGLXContext.cpp (line 60)
[rviz2-3] [ERROR] [1789709109.129879973] [rviz2]: rviz::RenderSystem: error creating render window: RenderingAPIException: Unable to create a suitable GLXContext in GLXContext::GLXContext at ./.obj-x86_64-linux-gnu/ogre-v1.12.1-prefix/src/ogre-v1.12.1/RenderSystems/GLSupport/src/GLX/OgreGLXContext.cpp (line 60)
[rviz2-3] [ERROR] [1789709109.578984237] [rviz2]: Failed to create an OpenGL context. BadValue (integer parameter out of range for operation)
[rviz2-3] [ERROR] [1789709109.579018886] [rviz2]: RenderingAPIException: Unable to create a suitable GLXContext in GLXContext::GLXContext at ./.obj-x86_64-linux-gnu/ogre-v1.12.1-prefix/src/ogre-v1.12.1/RenderSystems/GLSupport/src/GLX/OgreGLXContext.cpp (line 60)
[rviz2-3] [ERROR] [1789709109.579045228] [rviz2]: rviz::RenderSystem: error creating render window: RenderingAPIException: Unable to create a suitable GLXContext in GLXContext::GLXContext at ./.obj-x86_64-linux-gnu/ogre-v1.12.1-prefix/src/ogre-v1.12.1/RenderSystems/GLSupport/src/GLX/OgreGLXContext.cpp (line 60)
[rviz2-3] [ERROR] [1789709110.050037248] [rviz2]: Failed to create an OpenGL context. BadValue (integer parameter out of range for operation)
[rviz2-3] [ERROR] [1789709110.050078853] [rviz2]: RenderingAPIException: Unable to create a suitable GLXContext in GLXContext::GLXContext at ./.obj-x86_64-linux-gnu/ogre-v1.12.1-prefix/src/ogre-v1.12.1/RenderSystems/GLSupport/src/GLX/OgreGLXContext.cpp (line 60)
[rviz2-3] [ERROR] [1789709110.050107332] [rviz2]: rviz::RenderSystem: error creating render window: RenderingAPIException: Unable to create a suitable GLXContext in GLXContext::GLXContext at ./.obj-x86_64-linux-gnu/ogre-v1.12.1-prefix/src/ogre-v1.12.1/RenderSystems/GLSupport/src/GLX/OgreGLXContext.cpp (line 60)
[rviz2-3] [ERROR] [1789709110.536091087] [rviz2]: Failed to create an OpenGL context. BadValue (integer parameter out of range for operation)
[rviz2-3] [ERROR] [1789709110.536132173] [rviz2]: RenderingAPIException: Unable to create a suitable GLXContext in GLXContext::GLXContext at ./.obj-x86_64-linux-gnu/ogre-v1.12.1-prefix/src/ogre-v1.12.1/RenderSystems/GLSupport/src/GLX/OgreGLXContext.cpp (line 60)
[rviz2-3] [ERROR] [1789709110.536169630] [rviz2]: rviz::RenderSystem: error creating render window: RenderingAPIException: Unable to create a suitable GLXContext in GLXContext::GLXContext at ./.obj-x86_64-linux-gnu/ogre-v1.12.1-prefix/src/ogre-v1.12.1/RenderSystems/GLSupport/src/GLX/OgreGLXContext.cpp (line 60)
[rviz2-3] [ERROR] [1789709111.045746699] [rviz2]: Failed to create an OpenGL context. BadValue (integer parameter out of range for operation)
[rviz2-3] [ERROR] [1789709111.045783924] [rviz2]: RenderingAPIException: Unable to create a suitable GLXContext in GLXContext::GLXContext at ./.obj-x86_64-linux-gnu/ogre-v1.12.1-prefix/src/ogre-v1.12.1/RenderSystems/GLSupport/src/GLX/OgreGLXContext.cpp (line 60)
[rviz2-3] [ERROR] [1789709111.045810208] [rviz2]: rviz::RenderSystem: error creating render window: RenderingAPIException: Unable to create a suitable GLXContext in GLXContext::GLXContext at ./.obj-x86_64-linux-gnu/ogre-v1.12.1-prefix/src/ogre-v1.12.1/RenderSystems/GLSupport/src/GLX/OgreGLXContext.cpp (line 60)
[rviz2-3] [ERROR] [1789709111.580612595] [rviz2]: Failed to create an OpenGL context. BadValue (integer parameter out of range for operation)
[rviz2-3] [ERROR] [1789709111.580654653] [rviz2]: RenderingAPIException: Unable to create a suitable GLXContext in GLXContext::GLXContext at ./.obj-x86_64-linux-gnu/ogre-v1.12.1-prefix/src/ogre-v1.12.1/RenderSystems/GLSupport/src/GLX/OgreGLXContext.cpp (line 60)
[rviz2-3] [ERROR] [1789709111.580691704] [rviz2]: rviz::RenderSystem: error creating render window: RenderingAPIException: Unable to create a suitable GLXContext in GLXContext::GLXContext at ./.obj-x86_64-linux-gnu/ogre-v1.12.1-prefix/src/ogre-v1.12.1/RenderSystems/GLSupport/src/GLX/OgreGLXContext.cpp (line 60)
[rviz2-3] [ERROR] [1789709112.128634596] [rviz2]: Failed to create an OpenGL context. BadValue (integer parameter out of range for operation)
[rviz2-3] [ERROR] [1789709112.128686511] [rviz2]: RenderingAPIException: Unable to create a suitable GLXContext in GLXContext::GLXContext at ./.obj-x86_64-linux-gnu/ogre-v1.12.1-prefix/src/ogre-v1.12.1/RenderSystems/GLSupport/src/GLX/OgreGLXContext.cpp (line 60)
[rviz2-3] [ERROR] [1789709112.128735301] [rviz2]: rviz::RenderSystem: error creating render window: RenderingAPIException: Unable to create a suitable GLXContext in GLXContext::GLXContext at ./.obj-x86_64-linux-gnu/ogre-v1.12.1-prefix/src/ogre-v1.12.1/RenderSystems/GLSupport/src/GLX/OgreGLXContext.cpp (line 60)
[rviz2-3] [ERROR] [1789709112.738518513] [rviz2]: Failed to create an OpenGL context. BadValue (integer parameter out of range for operation)
[rviz2-3] [ERROR] [1789709112.738555935] [rviz2]: RenderingAPIException: Unable to create a suitable GLXContext in GLXContext::GLXContext at ./.obj-x86_64-linux-gnu/ogre-v1.12.1-prefix/src/ogre-v1.12.1/RenderSystems/GLSupport/src/GLX/OgreGLXContext.cpp (line 60)
[rviz2-3] [ERROR] [1789709112.738583618] [rviz2]: rviz::RenderSystem: error creating render window: RenderingAPIException: Unable to create a suitable GLXContext in GLXContext::GLXContext at ./.obj-x86_64-linux-gnu/ogre-v1.12.1-prefix/src/ogre-v1.12.1/RenderSystems/GLSupport/src/GLX/OgreGLXContext.cpp (line 60)
[python3-2] [INFO] [1789709113.133792819] [ur10_joint_state_relay]: published 500 joint states
[rviz2-3] [ERROR] [1789709113.355639620] [rviz2]: Failed to create an OpenGL context. BadValue (integer parameter out of range for operation)
[rviz2-3] [ERROR] [1789709113.355689766] [rviz2]: RenderingAPIException: Unable to create a suitable GLXContext in GLXContext::GLXContext at ./.obj-x86_64-linux-gnu/ogre-v1.12.1-prefix/src/ogre-v1.12.1/RenderSystems/GLSupport/src/GLX/OgreGLXContext.cpp (line 60)
[rviz2-3] [ERROR] [1789709113.355737911] [rviz2]: rviz::RenderSystem: error creating render window: RenderingAPIException: Unable to create a suitable GLXContext in GLXContext::GLXContext at ./.obj-x86_64-linux-gnu/ogre-v1.12.1-prefix/src/ogre-v1.12.1/RenderSystems/GLSupport/src/GLX/OgreGLXContext.cpp (line 60)
[rviz2-3] [ERROR] [1789709113.991736702] [rviz2]: Failed to create an OpenGL context. BadValue (integer parameter out of range for operation)
[rviz2-3] [ERROR] [1789709113.991774531] [rviz2]: RenderingAPIException: Unable to create a suitable GLXContext in GLXContext::GLXContext at ./.obj-x86_64-linux-gnu/ogre-v1.12.1-prefix/src/ogre-v1.12.1/RenderSystems/GLSupport/src/GLX/OgreGLXContext.cpp (line 60)
[rviz2-3] [ERROR] [1789709113.991799872] [rviz2]: rviz::RenderSystem: error creating render window: RenderingAPIException: Unable to create a suitable GLXContext in GLXContext::GLXContext at ./.obj-x86_64-linux-gnu/ogre-v1.12.1-prefix/src/ogre-v1.12.1/RenderSystems/GLSupport/src/GLX/OgreGLXContext.cpp (line 60)
[rviz2-3] [ERROR] [1789709114.652272242] [rviz2]: Failed to create an OpenGL context. BadValue (integer parameter out of range for operation)
[rviz2-3] [ERROR] [1789709114.652317032] [rviz2]: RenderingAPIException: Unable to create a suitable GLXContext in GLXContext::GLXContext at ./.obj-x86_64-linux-gnu/ogre-v1.12.1-prefix/src/ogre-v1.12.1/RenderSystems/GLSupport/src/GLX/OgreGLXContext.cpp (line 60)
[rviz2-3] [ERROR] [1789709114.652344250] [rviz2]: rviz::RenderSystem: error creating render window: RenderingAPIException: Unable to create a suitable GLXContext in GLXContext::GLXContext at ./.obj-x86_64-linux-gnu/ogre-v1.12.1-prefix/src/ogre-v1.12.1/RenderSystems/GLSupport/src/GLX/OgreGLXContext.cpp (line 60)
[python3-2] UR 30003 暂无状态，正在自动重连：timed out
[rviz2-3] [ERROR] [1789709115.334587972] [rviz2]: Failed to create an OpenGL context. BadValue (integer parameter out of range for operation)
[rviz2-3] [ERROR] [1789709115.334626272] [rviz2]: RenderingAPIException: Unable to create a suitable GLXContext in GLXContext::GLXContext at ./.obj-x86_64-linux-gnu/ogre-v1.12.1-prefix/src/ogre-v1.12.1/RenderSystems/GLSupport/src/GLX/OgreGLXContext.cpp (line 60)
[rviz2-3] [ERROR] [1789709115.334662474] [rviz2]: rviz::RenderSystem: error creating render window: RenderingAPIException: Unable to create a suitable GLXContext in GLXContext::GLXContext at ./.obj-x86_64-linux-gnu/ogre-v1.12.1-prefix/src/ogre-v1.12.1/RenderSystems/GLSupport/src/GLX/OgreGLXContext.cpp (line 60)
[rviz2-3] [ERROR] [1789709116.039056270] [rviz2]: Failed to create an OpenGL context. BadValue (integer parameter out of range for operation)
[rviz2-3] [ERROR] [1789709116.039100226] [rviz2]: RenderingAPIException: Unable to create a suitable GLXContext in GLXContext::GLXContext at ./.obj-x86_64-linux-gnu/ogre-v1.12.1-prefix/src/ogre-v1.12.1/RenderSystems/GLSupport/src/GLX/OgreGLXContext.cpp (line 60)
[rviz2-3] [ERROR] [1789709116.039138272] [rviz2]: rviz::RenderSystem: error creating render window: RenderingAPIException: Unable to create a suitable GLXContext in GLXContext::GLXContext at ./.obj-x86_64-linux-gnu/ogre-v1.12.1-prefix/src/ogre-v1.12.1/RenderSystems/GLSupport/src/GLX/OgreGLXContext.cpp (line 60)
[rviz2-3] [ERROR] [1789709116.772104833] [rviz2]: Failed to create an OpenGL context. BadValue (integer parameter out of range for operation)
[rviz2-3] [ERROR] [1789709116.772154992] [rviz2]: RenderingAPIException: Unable to create a suitable GLXContext in GLXContext::GLXContext at ./.obj-x86_64-linux-gnu/ogre-v1.12.1-prefix/src/ogre-v1.12.1/RenderSystems/GLSupport/src/GLX/OgreGLXContext.cpp (line 60)
[rviz2-3] [ERROR] [1789709116.772191389] [rviz2]: rviz::RenderSystem: error creating render window: RenderingAPIException: Unable to create a suitable GLXContext in GLXContext::GLXContext at ./.obj-x86_64-linux-gnu/ogre-v1.12.1-prefix/src/ogre-v1.12.1/RenderSystems/GLSupport/src/GLX/OgreGLXContext.cpp (line 60)
[rviz2-3] [ERROR] [1789709117.508924603] [rviz2]: Failed to create an OpenGL context. BadValue (integer parameter out of range for operation)
[rviz2-3] [ERROR] [1789709117.508972699] [rviz2]: RenderingAPIException: Unable to create a suitable GLXContext in GLXContext::GLXContext at ./.obj-x86_64-linux-gnu/ogre-v1.12.1-prefix/src/ogre-v1.12.1/RenderSystems/GLSupport/src/GLX/OgreGLXContext.cpp (line 60)
[rviz2-3] [ERROR] [1789709117.509002559] [rviz2]: rviz::RenderSystem: error creating render window: RenderingAPIException: Unable to create a suitable GLXContext in GLXContext::GLXContext at ./.obj-x86_64-linux-gnu/ogre-v1.12.1-prefix/src/ogre-v1.12.1/RenderSystems/GLSupport/src/GLX/OgreGLXContext.cpp (line 60)
[rviz2-3] [ERROR] [1789709118.279198852] [rviz2]: Failed to create an OpenGL context. BadValue (integer parameter out of range for operation)
[rviz2-3] [ERROR] [1789709118.279236164] [rviz2]: RenderingAPIException: Unable to create a suitable GLXContext in GLXContext::GLXContext at ./.obj-x86_64-linux-gnu/ogre-v1.12.1-prefix/src/ogre-v1.12.1/RenderSystems/GLSupport/src/GLX/OgreGLXContext.cpp (line 60)
[rviz2-3] [ERROR] [1789709118.279263547] [rviz2]: rviz::RenderSystem: error creating render window: RenderingAPIException: Unable to create a suitable GLXContext in GLXContext::GLXContext at ./.obj-x86_64-linux-gnu/ogre-v1.12.1-prefix/src/ogre-v1.12.1/RenderSystems/GLSupport/src/GLX/OgreGLXContext.cpp (line 60)
[rviz2-3] [ERROR] [1789709119.109127531] [rviz2]: Failed to create an OpenGL context. BadValue (integer parameter out of range for operation)
[rviz2-3] [ERROR] [1789709119.109168180] [rviz2]: RenderingAPIException: Unable to create a suitable GLXContext in GLXContext::GLXContext at ./.obj-x86_64-linux-gnu/ogre-v1.12.1-prefix/src/ogre-v1.12.1/RenderSystems/GLSupport/src/GLX/OgreGLXContext.cpp (line 60)
[rviz2-3] [ERROR] [1789709119.109204046] [rviz2]: rviz::RenderSystem: error creating render window: RenderingAPIException: Unable to create a suitable GLXContext in GLXContext::GLXContext at ./.obj-x86_64-linux-gnu/ogre-v1.12.1-prefix/src/ogre-v1.12.1/RenderSystems/GLSupport/src/GLX/OgreGLXContext.cpp (line 60)
[rviz2-3] [ERROR] [1789709119.943670091] [rviz2]: Failed to create an OpenGL context. BadValue (integer parameter out of range for operation)
[rviz2-3] [ERROR] [1789709119.943718413] [rviz2]: RenderingAPIException: Unable to create a suitable GLXContext in GLXContext::GLXContext at ./.obj-x86_64-linux-gnu/ogre-v1.12.1-prefix/src/ogre-v1.12.1/RenderSystems/GLSupport/src/GLX/OgreGLXContext.cpp (line 60)
[rviz2-3] [ERROR] [1789709119.943756987] [rviz2]: rviz::RenderSystem: error creating render window: RenderingAPIException: Unable to create a suitable GLXContext in GLXContext::GLXContext at ./.obj-x86_64-linux-gnu/ogre-v1.12.1-prefix/src/ogre-v1.12.1/RenderSystems/GLSupport/src/GLX/OgreGLXContext.cpp (line 60)
[rviz2-3] [ERROR] [1789709120.823658296] [rviz2]: Failed to create an OpenGL context. BadValue (integer parameter out of range for operation)
[rviz2-3] [ERROR] [1789709120.823703528] [rviz2]: RenderingAPIException: Unable to create a suitable GLXContext in GLXContext::GLXContext at ./.obj-x86_64-linux-gnu/ogre-v1.12.1-prefix/src/ogre-v1.12.1/RenderSystems/GLSupport/src/GLX/OgreGLXContext.cpp (line 60)
[rviz2-3] [ERROR] [1789709120.823749226] [rviz2]: rviz::RenderSystem: error creating render window: RenderingAPIException: Unable to create a suitable GLXContext in GLXContext::GLXContext at ./.obj-x86_64-linux-gnu/ogre-v1.12.1-prefix/src/ogre-v1.12.1/RenderSystems/GLSupport/src/GLX/OgreGLXContext.cpp (line 60)
[rviz2-3] [ERROR] [1789709121.713815293] [rviz2]: Failed to create an OpenGL context. BadValue (integer parameter out of range for operation)
[rviz2-3] [ERROR] [1789709121.713852285] [rviz2]: RenderingAPIException: Unable to create a suitable GLXContext in GLXContext::GLXContext at ./.obj-x86_64-linux-gnu/ogre-v1.12.1-prefix/src/ogre-v1.12.1/RenderSystems/GLSupport/src/GLX/OgreGLXContext.cpp (line 60)
[rviz2-3] [ERROR] [1789709121.713878133] [rviz2]: rviz::RenderSystem: error creating render window: RenderingAPIException: Unable to create a suitable GLXContext in GLXContext::GLXContext at ./.obj-x86_64-linux-gnu/ogre-v1.12.1-prefix/src/ogre-v1.12.1/RenderSystems/GLSupport/src/GLX/OgreGLXContext.cpp (line 60)
[python3-2] UR 30003 暂无状态，正在自动重连：timed out
[rviz2-3] [ERROR] [1789709122.685887238] [rviz2]: Failed to create an OpenGL context. BadValue (integer parameter out of range for operation)
[rviz2-3] [ERROR] [1789709122.685938047] [rviz2]: RenderingAPIException: Unable to create a suitable GLXContext in GLXContext::GLXContext at ./.obj-x86_64-linux-gnu/ogre-v1.12.1-prefix/src/ogre-v1.12.1/RenderSystems/GLSupport/src/GLX/OgreGLXContext.cpp (line 60)
[rviz2-3] [ERROR] [1789709122.685984091] [rviz2]: rviz::RenderSystem: error creating render window: RenderingAPIException: Unable to create a suitable GLXContext in GLXContext::GLXContext at ./.obj-x86_64-linux-gnu/ogre-v1.12.1-prefix/src/ogre-v1.12.1/RenderSystems/GLSupport/src/GLX/OgreGLXContext.cpp (line 60)
[rviz2-3] [ERROR] [1789709123.643155102] [rviz2]: Failed to create an OpenGL context. BadValue (integer parameter out of range for operation)
[rviz2-3] [ERROR] [1789709123.643199895] [rviz2]: RenderingAPIException: Unable to create a suitable GLXContext in GLXContext::GLXContext at ./.obj-x86_64-linux-gnu/ogre-v1.12.1-prefix/src/ogre-v1.12.1/RenderSystems/GLSupport/src/GLX/OgreGLXContext.cpp (line 60)
[rviz2-3] [ERROR] [1789709123.643228804] [rviz2]: rviz::RenderSystem: error creating render window: RenderingAPIException: Unable to create a suitable GLXContext in GLXContext::GLXContext at ./.obj-x86_64-linux-gnu/ogre-v1.12.1-prefix/src/ogre-v1.12.1/RenderSystems/GLSupport/src/GLX/OgreGLXContext.cpp (line 60)
[rviz2-3] [ERROR] [1789709124.675568781] [rviz2]: Failed to create an OpenGL context. BadValue (integer parameter out of range for operation)
[rviz2-3] [ERROR] [1789709124.675607354] [rviz2]: RenderingAPIException: Unable to create a suitable GLXContext in GLXContext::GLXContext at ./.obj-x86_64-linux-gnu/ogre-v1.12.1-prefix/src/ogre-v1.12.1/RenderSystems/GLSupport/src/GLX/OgreGLXContext.cpp (line 60)
[rviz2-3] [ERROR] [1789709124.675639321] [rviz2]: rviz::RenderSystem: error creating render window: RenderingAPIException: Unable to create a suitable GLXContext in GLXContext::GLXContext at ./.obj-x86_64-linux-gnu/ogre-v1.12.1-prefix/src/ogre-v1.12.1/RenderSystems/GLSupport/src/GLX/OgreGLXContext.cpp (line 60)
[rviz2-3] [ERROR] [1789709125.669863462] [rviz2]: Failed to create an OpenGL context. BadValue (integer parameter out of range for operation)
[rviz2-3] [ERROR] [1789709125.669901181] [rviz2]: RenderingAPIException: Unable to create a suitable GLXContext in GLXContext::GLXContext at ./.obj-x86_64-linux-gnu/ogre-v1.12.1-prefix/src/ogre-v1.12.1/RenderSystems/GLSupport/src/GLX/OgreGLXContext.cpp (line 60)
[rviz2-3] [ERROR] [1789709125.669927298] [rviz2]: rviz::RenderSystem: error creating render window: RenderingAPIException: Unable to create a suitable GLXContext in GLXContext::GLXContext at ./.obj-x86_64-linux-gnu/ogre-v1.12.1-prefix/src/ogre-v1.12.1/RenderSystems/GLSupport/src/GLX/OgreGLXContext.cpp (line 60)
[python3-2] [INFO] [1789709126.267081006] [ur10_joint_state_relay]: published 1000 joint states
[rviz2-3] [ERROR] [1789709126.708048387] [rviz2]: Failed to create an OpenGL context. BadValue (integer parameter out of range for operation)
[rviz2-3] [ERROR] [1789709126.708093019] [rviz2]: RenderingAPIException: Unable to create a suitable GLXContext in GLXContext::GLXContext at ./.obj-x86_64-linux-gnu/ogre-v1.12.1-prefix/src/ogre-v1.12.1/RenderSystems/GLSupport/src/GLX/OgreGLXContext.cpp (line 60)
[rviz2-3] [ERROR] [1789709126.708121588] [rviz2]: rviz::RenderSystem: error creating render window: RenderingAPIException: Unable to create a suitable GLXContext in GLXContext::GLXContext at ./.obj-x86_64-linux-gnu/ogre-v1.12.1-prefix/src/ogre-v1.12.1/RenderSystems/GLSupport/src/GLX/OgreGLXContext.cpp (line 60)
[rviz2-3] [ERROR] [1789709127.908045572] [rviz2]: Failed to create an OpenGL context. BadValue (integer parameter out of range for operation)
[rviz2-3] [ERROR] [1789709127.908086559] [rviz2]: RenderingAPIException: Unable to create a suitable GLXContext in GLXContext::GLXContext at ./.obj-x86_64-linux-gnu/ogre-v1.12.1-prefix/src/ogre-v1.12.1/RenderSystems/GLSupport/src/GLX/OgreGLXContext.cpp (line 60)
[rviz2-3] [ERROR] [1789709127.908123408] [rviz2]: rviz::RenderSystem: error creating render window: RenderingAPIException: Unable to create a suitable GLXContext in GLXContext::GLXContext at ./.obj-x86_64-linux-gnu/ogre-v1.12.1-prefix/src/ogre-v1.12.1/RenderSystems/GLSupport/src/GLX/OgreGLXContext.cpp (line 60)
[python3-2] UR 30003 暂无状态，正在自动重连：timed out
