/usr/lib/python3/dist-packages/scipy/__init__.py:146: UserWarning: A NumPy version >=1.17.3 and <1.25.0 is required for this version of SciPy (detected version 1.26.4
  warnings.warn(f"A NumPy version >={np_minversion} and <{np_maxversion}"
壳参数覆写：[('A1', 0.55, 45.0, 0.0), ('A2', 0.45, 30.0, 0.0), ('A3', 0.58, 50.0, 0.0)]
自碰撞模型已加载：相机 20x20 cm 外壳 + 50 mm 支架，门限 40 mm
IK 感知滚转选取已启用；种子 = explicit --ik-seed-q
种子 q(rad): [-0.1328, -2.0245, -1.3563, -5.1685, 4.9125, -3.4462]
  跳过不可行位姿： no roll satisfies the clearance and IK gates for slot 8 (distance 0.55 m, tilt 45.0 deg, azimuth 157.5 deg)
  跳过不可行位姿： no roll satisfies the clearance and IK gates for slot 16 (distance 0.45 m, tilt 30.0 deg, azimuth 157.5 deg)
  跳过不可行位姿： no roll satisfies the clearance and IK gates for slot 26 (distance 0.45 m, tilt 30.0 deg, azimuth 180.0 deg)
  跳过不可行位姿： no roll satisfies the clearance and IK gates for slot 24 (distance 0.58 m, tilt 50.0 deg, azimuth 157.5 deg)
引导基准（仅导航，非测量）：参考样本 20260918-112826-092467 + config/handeye_eye_in_hand_20260917.yaml
棋盘格原点估计（base）: [0.5227, -0.1143, -0.0107] m

slot shell   dist   tilt  azimuth   roll  target TCP x y z rx ry rz (deg)        cam_z     tcp_z  risk
1    A1      0.55   45.0      0.0  280.0   0.8265  0.1500  0.2752   104.5    15.6   -52.9    0.3821    0.2752      
25   A1      0.55   45.0      0.0  280.0   0.8265  0.1500  0.2752   104.5    15.6   -52.9    0.3821    0.2752      
2    A1      0.55   45.0     22.5  280.0   0.9041  0.0126  0.2762   109.8    -5.2   -68.2    0.3819    0.2762      
3    A1      0.55   45.0     45.0  280.0   0.9233 -0.1441  0.2766   112.1   -27.7   -82.7    0.3811    0.2766      
4    A1      0.55   45.0     67.5  280.0   0.8811 -0.2962  0.2764   111.0   -51.9   -96.1    0.3799    0.2764      
5    A1      0.55   45.0     90.0  260.0   0.7716 -0.3491  0.3455   124.8   -65.4   -89.3    0.3785    0.3455      
6    A1      0.55   45.0    112.5  240.0   0.6454 -0.3497  0.4058   133.3   -81.8   -75.5    0.3770    0.4058      
7    A1      0.55   45.0    135.0  150.0   0.3017 -0.0516  0.4265   143.6   -40.9    19.2    0.3757    0.4265      
9    A2      0.45   30.0      0.0  280.0   0.6943  0.1616  0.2507   108.8     5.6   -38.7    0.3812    0.2507      
10   A2      0.45   30.0     22.5  280.0   0.7865  0.0740  0.2518   111.1   -16.1   -53.7    0.3811    0.2518      
11   A2      0.45   30.0     45.0  280.0   0.8381 -0.0422  0.2524   110.2   -38.9   -68.0    0.3807    0.2524      
12   A2      0.45   30.0     67.5  270.0   0.8237 -0.1292  0.2776   113.1   -54.7   -73.8    0.3800    0.2776      
13   A2      0.45   30.0     90.0  250.0   0.7669 -0.1597  0.3243   120.6   -64.6   -68.3    0.3792    0.3243      
14   A2      0.45   30.0    112.5  230.0   0.7035 -0.1618  0.3622   124.4   -75.8   -59.1    0.3783    0.3622      
15   A2      0.45   30.0    135.0  150.0   0.4311  0.0562  0.3587   134.0   -33.3     7.7    0.3776    0.3587      
17   A3      0.58   50.0      0.0  280.0   0.8730  0.1459  0.2693   102.7    18.9   -57.5    0.3665    0.2693      
18   A3      0.58   50.0     22.5  280.0   0.9455 -0.0090  0.2702   109.0    -1.5   -72.9    0.3663    0.2702      
19   A3      0.58   50.0     45.0  280.0   0.9533 -0.1798  0.2706   112.4   -23.8   -87.5    0.3654    0.2706      
20   A3      0.58   50.0     67.5  280.0   0.8951 -0.3406  0.2702   112.5   -48.0  -101.0    0.3641    0.2702      
21   A3      0.58   50.0     90.0  110.0   0.2092 -0.3852  0.3011   135.0    45.0    80.5    0.3624    0.3011      
22   A3      0.58   50.0    112.5  120.0   0.1547 -0.2239  0.3377   140.9     9.2    61.4    0.3607    0.3377      
23   A3      0.58   50.0    135.0  150.0   0.2551 -0.0907  0.4328   146.5   -43.4    23.3    0.3592    0.4328      
实际使用的滚转集合（自由度用于抬高法兰）：[110.0, 120.0, 150.0, 230.0, 240.0, 250.0, 260.0, 270.0, 280.0]
OUTPUT: /home/jx/UR10/outputs/handeye/plan-A1-0.55-45.json
