/usr/lib/python3/dist-packages/scipy/__init__.py:146: UserWarning: A NumPy version >=1.17.3 and <1.25.0 is required for this version of SciPy (detected version 1.26.4
  warnings.warn(f"A NumPy version >={np_minversion} and <{np_maxversion}"
壳参数覆写：[('A1', 0.38, 25.0, 0.0), ('A2', 0.45, 30.0, 0.0), ('A3', 0.58, 50.0, 0.0)]
IK 感知滚转选取已启用；种子 = explicit --ik-seed-q
种子 q(rad): [0.2452, -1.6744, -1.977, -4.2802, 4.7511, -2.6931]
引导基准（仅导航，非测量）：参考样本 20260918-112826-092467 + config/handeye_eye_in_hand_20260917.yaml
棋盘格原点估计（base）: [0.5227, -0.1143, -0.0107] m

slot shell   dist   tilt  azimuth   roll  target TCP x y z rx ry rz (deg)        cam_z     tcp_z  risk
1    A1      0.38   25.0      0.0  190.0   0.3546 -0.1001  0.3185   109.5    89.4    29.6    0.3353    0.3185      
2    A1      0.38   25.0     45.0  190.0   0.4126  0.0124  0.3189   132.3    39.6     9.8    0.3349    0.3189      
3    A1      0.38   25.0     90.0  190.0   0.5332  0.0510  0.3201   137.9   -14.1   -10.8    0.3338    0.3201      
4    A1      0.38   25.0    135.0  190.0   0.6458 -0.0070  0.3212   125.7   -67.7   -30.7    0.3327    0.3212      
5    A1      0.38   25.0    180.0  190.0   0.6843 -0.1276  0.3218    95.4  -116.7   -48.1    0.3321    0.3218      
6    A1      0.38   25.0    225.0  190.0   0.6263 -0.2401  0.3214    47.0  -155.4   -60.9    0.3325    0.3214      
7    A1      0.38   25.0    270.0  190.0   0.5057 -0.2787  0.3203    15.7   159.0    59.8    0.3336    0.3203      
8    A1      0.38   25.0    315.0  190.0   0.3932 -0.2207  0.3191    70.1   130.9    47.0    0.3348    0.3191      
9    A2      0.45   30.0      0.0  190.0   0.4181 -0.1056  0.3930   112.5    92.6    25.5    0.3812    0.3930      
10   A2      0.45   30.0     45.0  190.0   0.4533 -0.0368  0.3932   136.7    41.5     7.6    0.3807    0.3932      
11   A2      0.45   30.0     90.0  190.0   0.5269 -0.0131  0.3939   142.9   -14.1   -11.1    0.3792    0.3939      
12   A2      0.45   30.0    135.0  190.0   0.5956 -0.0483  0.3946   130.4   -69.6   -28.9    0.3776    0.3946      
13   A2      0.45   30.0    180.0  190.0   0.6194 -0.1219  0.3949    98.9  -120.0   -44.2    0.3768    0.3949      
14   A2      0.45   30.0    225.0  190.0   0.5842 -0.1906  0.3947    48.8  -159.1   -54.9    0.3774    0.3947      
15   A2      0.45   30.0    270.0  190.0   0.5106 -0.2144  0.3940    15.4   161.4    52.7    0.3789    0.3940      
16   A2      0.45   30.0    315.0  190.0   0.4419 -0.1791  0.3933    71.3   134.3    41.2    0.3805    0.3933      
17   A3      0.58   50.0      0.0  190.0   0.6603 -0.1268  0.4890   123.4   104.5     7.6    0.3665    0.4890      
18   A3      0.58   50.0     45.0  190.0   0.6092 -0.2237  0.4887   153.8    49.2    -2.4    0.3654    0.4887      
19   A3      0.58   50.0     90.0  190.0   0.5046 -0.2561  0.4877   163.0   -13.5   -12.2    0.3624    0.4877      
20   A3      0.58   50.0    135.0  190.0   0.4077 -0.2050  0.4867   149.0   -76.7   -20.5    0.3592    0.4867      
21   A3      0.58   50.0    180.0  190.0   0.3753 -0.1004  0.4862   112.2  -132.3   -26.4    0.3578    0.4862      
22   A3      0.58   50.0    225.0  190.0   0.4264 -0.0035  0.4866   -53.6   166.7    27.7    0.3589    0.4866      
23   A3      0.58   50.0    270.0  190.0   0.5311  0.0289  0.4876    13.7   168.2    23.7    0.3619    0.4876      
24   A3      0.58   50.0    315.0  190.0   0.6280 -0.0222  0.4886    75.0   146.0    16.7    0.3650    0.4886      
25   A1      0.38   25.0      0.0  190.0   0.3546 -0.1001  0.3185   109.5    89.4    29.6    0.3353    0.3185      
26   A2      0.45   30.0    180.0  190.0   0.6194 -0.1219  0.3949    98.9  -120.0   -44.2    0.3768    0.3949      
实际使用的滚转集合（自由度用于抬高法兰）：[190.0]
OUTPUT: /home/jx/UR10/outputs/handeye/plan-variant-d38t25.json
