/usr/lib/python3/dist-packages/scipy/__init__.py:146: UserWarning: A NumPy version >=1.17.3 and <1.25.0 is required for this version of SciPy (detected version 1.26.4
  warnings.warn(f"A NumPy version >={np_minversion} and <{np_maxversion}"
当前 TCP: [0.467, -0.0537, 0.3753] | 姿态(rx,ry,rz rad): [1.9351, -2.3647, -0.0003]
FK 一致度: 0.002510 m / 0.003585 rad (门禁 0.010 m / 0.020 rad) -> PASS
访问顺序（关节空间最近邻）: [6, 5, 4, 3, 2, 1, 8, 7]
当前位姿最小奇异值 0.2894（作为奇异度基线）

slot 段          段序              IKpos_mm  rot_mrad      关节余量      最小奇异      法兰z 结论
6    lift       reorient_first    0.0000    0.0000    1.1643    0.2874   0.3753 PASS
6    reorient   reorient_first    0.0000    0.0000    1.3480    0.2440   0.5500 PASS
6    translate  reorient_first    0.0000    0.0000    1.2089    0.2440   0.5500 PASS
6    descend    reorient_first    0.0000    0.0000    1.2089    0.2887   0.3247 PASS
6    SUMMARY    reorient_first         -         -         -         -        - PASS
5    lift       reorient_first    0.0000    0.0000    1.2089    0.2887   0.3247 PASS
5    reorient   reorient_first    0.0000    0.0000    1.0303    0.2887   0.5500 PASS
5    translate  reorient_first    0.0000    0.0000    1.0239    0.2856   0.5500 PASS
5    descend    reorient_first    0.0000    0.0000    1.0239    0.2856   0.3251 PASS
5    SUMMARY    reorient_first         -         -         -         -        - PASS
4    lift       reorient_first    0.0000    0.0000    1.0239    0.2856   0.3251 PASS
4    reorient   reorient_first    0.0000    0.0000    1.0039    0.2856   0.5500 PASS
4    translate  reorient_first    0.0000    0.0000    1.0466    0.2912   0.5500 PASS
4    descend    reorient_first    0.0000    0.0000    1.0588    0.3115   0.3245 PASS
4    SUMMARY    reorient_first         -         -         -         -        - PASS
3    lift       reorient_first    0.0000    0.0000    1.0588    0.3115   0.3245 PASS
3    reorient   reorient_first    0.0000    0.0000    0.9445    0.3115   0.5500 PASS
3    translate  reorient_first    0.0000    0.0000    0.9445    0.3124   0.5500 PASS
3    descend    reorient_first    0.0000    0.0000    1.0526    0.3135   0.3232 PASS
3    SUMMARY    reorient_first         -         -         -         -        - PASS
2    lift       reorient_first    0.0000    0.0000    1.0526    0.3135   0.3232 PASS
2    reorient   reorient_first    0.0000    0.0000    0.7512    0.2259   0.5500 PASS
2    translate  reorient_first    0.0000    0.0000    0.7512    0.1627   0.5500 PASS
2    descend    reorient_first    0.0000    0.0000    0.7672    0.1627   0.3219 PASS
2    SUMMARY    reorient_first         -         -         -         -        - PASS
1    lift       reorient_first    0.0000    0.0000    0.7672    0.1627   0.3219 PASS
1    reorient   reorient_first    0.0000    0.0000    0.6689    0.1513   0.5500 PASS
1    translate  reorient_first    0.0000    0.0000    0.3783    0.1430   0.5500 PASS
1    descend    reorient_first    0.0000    0.0000    0.3783    0.1423   0.3215 PASS
1    SUMMARY    reorient_first         -         -         -         -        - PASS
8    lift       reorient_first    0.0000    0.0000    0.3783    0.1423   0.3215 PASS
8    reorient   reorient_first    0.0000    0.0000    0.1748    0.1291   0.5500 PASS
8    translate  reorient_first    0.0000    0.0000    0.1748    0.0892   0.5500 PASS
8    descend    reorient_first    0.0000    0.0000    0.4489    0.0892   0.2943 PASS
8    RESCUE     roll +45 deg           -         -         -         -        - PASS 绕光轴转 +45° 后整链通过
8    SUMMARY    reorient_first         -         -         -         -        - PASS
7    DEFER      retry later            -         -         -         -        - 本轮不可达，排到队尾重试（前驱不同可能就通了）

--- 队尾重试第 1 轮，剩余 1 个位姿：[7] ---
7    lift       translate_first   0.0000    0.0000    0.4489    0.0892   0.2943 PASS
7    translate  translate_first  30.4748  200.9434    0.0000    0.0892   0.6500 FAIL sample 20 rejected: joint_limit_margin;sample 21 rejected: joint_limit_margin
7    SUMMARY    -                      -         -         -         -        - FAIL 重试后仍不可达

离线数值门禁: FAIL
注意：本门禁不证明无碰撞（仓库无场景模型）；避障依靠抬升-平移-下降结构与高于台面所有物体的巡航高度，仍需人眼确认。
OUTPUT: outputs/vision/variant-d40t20-gate.json
